Archive member included to satisfy reference by file (symbol)

/usr/lib/gcc/arm-none-eabi/13.2.1/../../../arm-none-eabi/lib/thumb/v8-m.main+fp/softfp/libm.a(libm_a-sf_lround.o)
                              CMakeFiles/fingerprint-sensor-pico.dir/main_pico.c.o (lroundf)
/usr/lib/gcc/arm-none-eabi/13.2.1/../../../arm-none-eabi/lib/thumb/v8-m.main+fp/softfp/libm.a(libm_a-wf_sqrt.o)
                              CMakeFiles/fingerprint-sensor-pico.dir/home/kshitij/SecurSi/pico-sdk/src/rp2_common/pico_float/float_math.c.o (sqrtf)
/usr/lib/gcc/arm-none-eabi/13.2.1/../../../arm-none-eabi/lib/thumb/v8-m.main+fp/softfp/libm.a(libm_a-s_fmin.o)
                              CMakeFiles/fingerprint-sensor-pico.dir/main_pico.c.o (fmin)
/usr/lib/gcc/arm-none-eabi/13.2.1/../../../arm-none-eabi/lib/thumb/v8-m.main+fp/softfp/libm.a(libm_a-s_fmax.o)
                              CMakeFiles/fingerprint-sensor-pico.dir/main_pico.c.o (fmax)
/usr/lib/gcc/arm-none-eabi/13.2.1/../../../arm-none-eabi/lib/thumb/v8-m.main+fp/softfp/libm.a(libm_a-s_fpclassify.o)
                              /usr/lib/gcc/arm-none-eabi/13.2.1/../../../arm-none-eabi/lib/thumb/v8-m.main+fp/softfp/libm.a(libm_a-s_fmin.o) (__fpclassifyd)
/usr/lib/gcc/arm-none-eabi/13.2.1/../../../arm-none-eabi/lib/thumb/v8-m.main+fp/softfp/libm.a(libm_a-ef_sqrt.o)
                              /usr/lib/gcc/arm-none-eabi/13.2.1/../../../arm-none-eabi/lib/thumb/v8-m.main+fp/softfp/libm.a(libm_a-wf_sqrt.o) (__ieee754_sqrtf)
/usr/lib/gcc/arm-none-eabi/13.2.1/thumb/v8-m.main+fp/softfp/libgcc.a(_arm_addsubdf3.o)
                              CMakeFiles/fingerprint-sensor-pico.dir/main_pico.c.o (__aeabi_f2d)
/usr/lib/gcc/arm-none-eabi/13.2.1/thumb/v8-m.main+fp/softfp/libgcc.a(_aeabi_ldivmod.o)
                              CMakeFiles/fingerprint-sensor-pico.dir/home/kshitij/SecurSi/pico-sdk/src/common/pico_time/time.c.o (__aeabi_ldivmod)
/usr/lib/gcc/arm-none-eabi/13.2.1/thumb/v8-m.main+fp/softfp/libgcc.a(_aeabi_uldivmod.o)
                              CMakeFiles/fingerprint-sensor-pico.dir/home/kshitij/SecurSi/pico-sdk/src/rp2_common/hardware_clocks/clocks.c.o (__aeabi_uldivmod)
/usr/lib/gcc/arm-none-eabi/13.2.1/thumb/v8-m.main+fp/softfp/libgcc.a(_popcountsi2.o)
                              CMakeFiles/fingerprint-sensor-pico.dir/main_pico.c.o (__popcountsi2)
/usr/lib/gcc/arm-none-eabi/13.2.1/thumb/v8-m.main+fp/softfp/libgcc.a(_udivmoddi4.o)
                              /usr/lib/gcc/arm-none-eabi/13.2.1/thumb/v8-m.main+fp/softfp/libgcc.a(_aeabi_ldivmod.o) (__udivmoddi4)
/usr/lib/gcc/arm-none-eabi/13.2.1/thumb/v8-m.main+fp/softfp/libgcc.a(_dvmd_tls.o)
                              /usr/lib/gcc/arm-none-eabi/13.2.1/thumb/v8-m.main+fp/softfp/libgcc.a(_aeabi_ldivmod.o) (__aeabi_ldiv0)
/usr/lib/gcc/arm-none-eabi/13.2.1/../../../arm-none-eabi/lib/thumb/v8-m.main+fp/softfp/libg.a(libc_a-strncpy.o)
                              CMakeFiles/fingerprint-sensor-pico.dir/main_pico.c.o (strncpy)
/usr/lib/gcc/arm-none-eabi/13.2.1/../../../arm-none-eabi/lib/thumb/v8-m.main+fp/softfp/libg.a(libc_a-memset.o)
                              /usr/lib/gcc/arm-none-eabi/13.2.1/../../../arm-none-eabi/lib/thumb/v8-m.main+fp/softfp/crt0.o (memset)
/usr/lib/gcc/arm-none-eabi/13.2.1/../../../arm-none-eabi/lib/thumb/v8-m.main+fp/softfp/libg.a(libc_a-fread.o)
                              CMakeFiles/fingerprint-sensor-pico.dir/main_pico.c.o (fread)
/usr/lib/gcc/arm-none-eabi/13.2.1/../../../arm-none-eabi/lib/thumb/v8-m.main+fp/softfp/libg.a(libc_a-qsort.o)
                              CMakeFiles/fingerprint-sensor-pico.dir/main_pico.c.o (qsort)
/usr/lib/gcc/arm-none-eabi/13.2.1/../../../arm-none-eabi/lib/thumb/v8-m.main+fp/softfp/libg.a(libc_a-sysstat.o)
                              CMakeFiles/fingerprint-sensor-pico.dir/main_pico.c.o (stat)
/usr/lib/gcc/arm-none-eabi/13.2.1/../../../arm-none-eabi/lib/thumb/v8-m.main+fp/softfp/libg.a(libc_a-ftell.o)
                              CMakeFiles/fingerprint-sensor-pico.dir/main_pico.c.o (ftell)
/usr/lib/gcc/arm-none-eabi/13.2.1/../../../arm-none-eabi/lib/thumb/v8-m.main+fp/softfp/libg.a(libc_a-strdup.o)
                              CMakeFiles/fingerprint-sensor-pico.dir/main_pico.c.o (strdup)
/usr/lib/gcc/arm-none-eabi/13.2.1/../../../arm-none-eabi/lib/thumb/v8-m.main+fp/softfp/libg.a(libc_a-strcmp.o)
                              CMakeFiles/fingerprint-sensor-pico.dir/main_pico.c.o (strcmp)
/usr/lib/gcc/arm-none-eabi/13.2.1/../../../arm-none-eabi/lib/thumb/v8-m.main+fp/softfp/libg.a(libc_a-rewind.o)
                              CMakeFiles/fingerprint-sensor-pico.dir/main_pico.c.o (rewind)
/usr/lib/gcc/arm-none-eabi/13.2.1/../../../arm-none-eabi/lib/thumb/v8-m.main+fp/softfp/libg.a(libc_a-fscanf.o)
                              CMakeFiles/fingerprint-sensor-pico.dir/main_pico.c.o (fscanf)
/usr/lib/gcc/arm-none-eabi/13.2.1/../../../arm-none-eabi/lib/thumb/v8-m.main+fp/softfp/libg.a(libc_a-ftello.o)
[...]
Memory Configuration

Name             Origin             Length             Attributes
FLASH            0x10000000         0x00400000         xr
RAM              0x20000000         0x00080000         xrw
SCRATCH_X        0x20080000         0x00001000         xrw
SCRATCH_Y        0x20081000         0x00001000         xrw
*default*        0x00000000         0xffffffff

Linker script and memory map

LOAD /usr/lib/gcc/arm-none-eabi/13.2.1/thumb/v8-m.main+fp/softfp/crti.o
LOAD /usr/lib/gcc/arm-none-eabi/13.2.1/thumb/v8-m.main+fp/softfp/crtbegin.o
LOAD /usr/lib/gcc/arm-none-eabi/13.2.1/../../../arm-none-eabi/lib/thumb/v8-m.main+fp/softfp/crt0.o

.flash_begin    0x10000000        0x0
                0x10000000                        __flash_binary_start = .

.text           0x10000000    0x16e78
                0x10000000                        __logical_binary_start = .
 *(.vectors)
 .vectors       0x10000000      0x124 CMakeFiles/fingerprint-sensor-pico.dir/home/kshitij/SecurSi/pico-sdk/src/rp2_common/pico_crt0/crt0.S.o
                0x10000000                __vectors
                0x10000000                __VECTOR_TABLE
                0x10000110                isr_invalid
                0x10000110                __default_isrs_start
                0x10000112                isr_nmi
                0x10000114                isr_hardfault
                0x10000116                isr_svcall
                0x10000118                isr_pendsv
                0x1000011a                isr_systick
                0x1000011c                isr_irq30
                0x1000011c                __unhandled_user_irq
                0x1000011c                isr_irq49
                0x1000011c                isr_irq13
                0x1000011c                isr_irq43
                0x1000011c                isr_irq45
                0x1000011c                isr_irq27
                0x1000011c                isr_irq32
                0x1000011c                isr_irq31
                0x1000011c                isr_irq5
                0x1000011c                isr_irq11
                0x1000011c                isr_irq23
                0x1000011c                isr_irq48
                0x1000011c                isr_irq35
                0x1000011c                isr_irq18
                0x1000011c                isr_irq50
                0x1000011c                isr_irq40
                0x1000011c                isr_irq28
                0x1000011c                isr_irq19
                0x1000011c                isr_irq36
                0x1000011c                isr_irq41
                0x1000011c                isr_irq0
                0x1000011c                isr_irq6
                0x1000011c                isr_irq37
                0x1000011c                isr_irq42
                0x1000011c                isr_irq22
                0x1000011c                isr_irq17
                0x1000011c                isr_irq38
                0x1000011c                isr_irq14
                0x1000011c                isr_irq2
                0x1000011c                isr_irq10
                0x1000011c                isr_irq8
                0x1000011c                isr_irq24
                0x1000011c                isr_irq46
                0x1000011c                isr_irq1
                0x1000011c                isr_irq47
                0x1000011c                isr_irq51
                0x1000011c                isr_irq7
                0x1000011c                isr_irq21
                0x1000011c                isr_irq39
                0x1000011c                isr_irq20
                0x1000011c                isr_irq15
                0x1000011c                isr_irq25
                0x1000011c                isr_irq34
                0x1000011c                isr_irq4
                0x1000011c                isr_irq16
                0x1000011c                isr_irq44
                0x1000011c                isr_irq29
                0x1000011c                isr_irq26
                0x1000011c                __default_isrs_end
                0x1000011c                isr_irq33
                0x1000011c                isr_irq3
                0x1000011c                isr_irq12
                0x1000011c                isr_irq9
                0x10000122                unhandled_user_irq_num_in_r0
 *(.binary_info_header)
 .binary_info_header
                0x10000124       0x14 CMakeFiles/fingerprint-sensor-pico.dir/home/kshitij/SecurSi/pico-sdk/src/rp2_common/pico_crt0/crt0.S.o
                0x10000138                        __binary_info_header_end = .
 *(.embedded_block)
 .embedded_block
                0x10000138       0x14 CMakeFiles/fingerprint-sensor-pico.dir/home/kshitij/SecurSi/pico-sdk/src/rp2_common/pico_crt0/crt0.S.o
                0x1000014c                        __embedded_block_end = .
 *(.reset)
 .reset         0x1000014c       0xa0 CMakeFiles/fingerprint-sensor-pico.dir/home/kshitij/SecurSi/pico-sdk/src/rp2_common/pico_crt0/crt0.S.o
                0x1000014c                _entry_point
 *(.init)
 .init          0x100001ec        0x4 /usr/lib/gcc/arm-none-eabi/13.2.1/thumb/v8-m.main+fp/softfp/crti.o
                0x100001ec                _init
 *libgcc.a:cmse_nonsecure_call.o()
 *(EXCLUDE_FILE(*libm.a: *libc.a:*lib_a-mem*.o *libgcc.a:) .text*)
 .text          0x100001f0       0x8c /usr/lib/gcc/arm-none-eabi/13.2.1/thumb/v8-m.main+fp/softfp/crtbegin.o
 .text.on_uart_rx
                0x1000027c       0x64 CMakeFiles/fingerprint-sensor-pico.dir/main_pico.c.o
                0x1000027c                on_uart_rx
 .text.compare_doubles_desc
                0x100002e0       0x20 CMakeFiles/fingerprint-sensor-pico.dir/main_pico.c.o
                0x100002e0                compare_doubles_desc
 .text.compare_intpoints
                0x10000300       0x14 CMakeFiles/fingerprint-sensor-pico.dir/main_pico.c.o
                0x10000300                compare_intpoints
 .text.compare_gaps
                0x10000314        0x8 CMakeFiles/fingerprint-sensor-pico.dir/main_pico.c.o
                0x10000314                compare_gaps
 .text.compare_sortable_minutiae_desc
                0x1000031c        0x8 CMakeFiles/fingerprint-sensor-pico.dir/main_pico.c.o
                0x1000031c                compare_sortable_minutiae_desc
 .text.compare_ints
                0x10000324        0x8 CMakeFiles/fingerprint-sensor-pico.dir/main_pico.c.o
                0x10000324                compare_ints
 .text.compare_keys
                0x1000032c        0x8 CMakeFiles/fingerprint-sensor-pico.dir/main_pico.c.o
                0x1000032c                compare_keys
 .text.decode_png_file_to_argb32_javaish
                0x10000334      0x13c CMakeFiles/fingerprint-sensor-pico.dir/main_pico.c.o
 .text.compare_edges
                0x10000470       0x3c CMakeFiles/fingerprint-sensor-pico.dir/main_pico.c.o
                0x10000470                compare_edges
 .text.compare_search_minutia
                0x100004ac       0x7c CMakeFiles/fingerprint-sensor-pico.dir/main_pico.c.o
                0x100004ac                compare_search_minutia
 .text.boolean_matrix_merge.part.0
                0x10000528       0x20 CMakeFiles/fingerprint-sensor-pico.dir/main_pico.c.o
 .text.blockmap_block.part.0
                0x10000548       0x20 CMakeFiles/fingerprint-sensor-pico.dir/main_pico.c.o
 .text.init_skeleton.part.0
                0x10000568       0x20 CMakeFiles/fingerprint-sensor-pico.dir/main_pico.c.o
 .text.free_skeleton.part.0
                0x10000588      0x190 CMakeFiles/fingerprint-sensor-pico.dir/main_pico.c.o
 .text.vote_filter.constprop.0
                0x10000718      0x2d4 CMakeFiles/fingerprint-sensor-pico.dir/main_pico.c.o
 .text.print_sram_usage
                0x100009ec       0xe0 CMakeFiles/fingerprint-sensor-pico.dir/main_pico.c.o
                0x100009ec                print_sram_usage
 .text.setup_uart0
                0x10000acc       0x68 CMakeFiles/fingerprint-sensor-pico.dir/main_pico.c.o
                0x10000acc                setup_uart0
 .text.setup_uart1
                0x10000b34      0x158 CMakeFiles/fingerprint-sensor-pico.dir/main_pico.c.o
                0x10000b34                setup_uart1
 .text.TxAndRxCmd
                0x10000c8c      0x280 CMakeFiles/fingerprint-sensor-pico.dir/main_pico.c.o
                0x10000c8c                TxAndRxCmd
 .text.create_block_map
                0x10000f0c      0x124 CMakeFiles/fingerprint-sensor-pico.dir/main_pico.c.o
                0x10000f0c                create_block_map
 .text.histogramcube_smooth
                0x10001030      0x138 CMakeFiles/fingerprint-sensor-pico.dir/main_pico.c.o
                0x10001030                histogramcube_smooth
 .text.compute_clipped_contrast
                0x10001168      0x154 CMakeFiles/fingerprint-sensor-pico.dir/main_pico.c.o
                0x10001168                compute_clipped_contrast
 *fill*         0x100012bc        0x4 
 .text.compute_relative_contrast_mask
                0x100012c0      0x14c CMakeFiles/fingerprint-sensor-pico.dir/main_pico.c.o
                0x100012c0                compute_relative_contrast_mask
 *fill*         0x1000140c        0x4 
 .text.compute_mask
                0x10001410      0x4dc CMakeFiles/fingerprint-sensor-pico.dir/main_pico.c.o
                0x10001410                compute_mask
 .text.equalize_image
                0x100018ec      0x7e4 CMakeFiles/fingerprint-sensor-pico.dir/main_pico.c.o
                0x100018ec                equalize_image
 .text.plan_orientations
                0x100020d0      0x3ac CMakeFiles/fingerprint-sensor-pico.dir/main_pico.c.o
                0x100020d0                plan_orientations
 .text.compute_pixelwise_orientations
                0x1000247c      0x2e4 CMakeFiles/fingerprint-sensor-pico.dir/main_pico.c.o
                0x1000247c                compute_pixelwise_orientations
 .text.aggregate_orientation
                0x10002760      0x15c CMakeFiles/fingerprint-sensor-pico.dir/main_pico.c.o
                0x10002760                aggregate_orientation
 *fill*         0x100028bc        0x4 
 .text.compute_angles
                0x100028c0      0x108 CMakeFiles/fingerprint-sensor-pico.dir/main_pico.c.o
                0x100028c0                compute_angles
 .text.compute_orientation
                0x100029c8      0x4bc CMakeFiles/fingerprint-sensor-pico.dir/main_pico.c.o
                0x100029c8                compute_orientation
 *fill*         0x10002e84        0x4 
 .text.smooth   0x10002e88      0x31c CMakeFiles/fingerprint-sensor-pico.dir/main_pico.c.o
                0x10002e88                smooth
 *fill*         0x100031a4        0x4 
 .text.oriented_smoothing_parallel
                0x100031a8      0x1fc CMakeFiles/fingerprint-sensor-pico.dir/main_pico.c.o
                0x100031a8                oriented_smoothing_parallel
 *fill*         0x100033a4        0x4 
 .text.oriented_smoothing_orthogonal
                0x100033a8      0x200 CMakeFiles/fingerprint-sensor-pico.dir/main_pico.c.o
                0x100033a8                oriented_smoothing_orthogonal
 .text.binarize
                0x100035a8      0x13c CMakeFiles/fingerprint-sensor-pico.dir/main_pico.c.o
                0x100035a8                binarize
 .text.remove_crosses
                0x100036e4       0xa0 CMakeFiles/fingerprint-sensor-pico.dir/main_pico.c.o
                0x100036e4                remove_crosses
 .text.binarize_cleanup
                0x10003784      0x3dc CMakeFiles/fingerprint-sensor-pico.dir/main_pico.c.o
                0x10003784                binarize_cleanup
 .text.pixelwise
                0x10003b60      0x100 CMakeFiles/fingerprint-sensor-pico.dir/main_pico.c.o
                0x10003b60                pixelwise
 .text.shrink   0x10003c60       0xc0 CMakeFiles/fingerprint-sensor-pico.dir/main_pico.c.o
                0x10003c60                shrink
 .text.inner    0x10003d20      0x180 CMakeFiles/fingerprint-sensor-pico.dir/main_pico.c.o
                0x10003d20                inner
 .text.minutia_detach_start
                0x10003ea0       0x70 CMakeFiles/fingerprint-sensor-pico.dir/main_pico.c.o
                0x10003ea0                minutia_detach_start
 .text.create_ridge
                0x10003f10       0x44 CMakeFiles/fingerprint-sensor-pico.dir/main_pico.c.o
                0x10003f10                create_ridge
 .text.ridge_set_start
                0x10003f54       0x90 CMakeFiles/fingerprint-sensor-pico.dir/main_pico.c.o
                0x10003f54                ridge_set_start
 .text.minutia_add_ridge
                0x10003fe4       0xc4 CMakeFiles/fingerprint-sensor-pico.dir/main_pico.c.o
                0x10003fe4                minutia_add_ridge
 .text.ridge_detach
                0x100040a8       0x38 CMakeFiles/fingerprint-sensor-pico.dir/main_pico.c.o
                0x100040a8                ridge_detach
 .text.hash_map_put
                0x100040e0       0x94 CMakeFiles/fingerprint-sensor-pico.dir/main_pico.c.o
                0x100040e0                hash_map_put
 .text.free_minutia_link_map
                0x10004174       0xd8 CMakeFiles/fingerprint-sensor-pico.dir/main_pico.c.o
                0x10004174                free_minutia_link_map
 .text.line_to  0x1000424c      0x2e0 CMakeFiles/fingerprint-sensor-pico.dir/main_pico.c.o
                0x1000424c                line_to
 .text.push_point_skeletonridge
                0x1000452c       0x60 CMakeFiles/fingerprint-sensor-pico.dir/main_pico.c.o
                0x1000452c                push_point_skeletonridge
 .text.find_minutiae
                0x1000458c      0x1b8 CMakeFiles/fingerprint-sensor-pico.dir/main_pico.c.o
                0x1000458c                find_minutiae
 .text.link_neighboring_minutiae
                0x10004744      0x278 CMakeFiles/fingerprint-sensor-pico.dir/main_pico.c.o
                0x10004744                link_neighboring_minutiae
 .text.build_minutia_centers
                0x100049bc      0x1b4 CMakeFiles/fingerprint-sensor-pico.dir/main_pico.c.o
                0x100049bc                build_minutia_centers
 .text.trace_ridges
                0x10004b70      0x37c CMakeFiles/fingerprint-sensor-pico.dir/main_pico.c.o
                0x10004b70                trace_ridges
 .text.fix_linking_gaps
                0x10004eec      0x170 CMakeFiles/fingerprint-sensor-pico.dir/main_pico.c.o
                0x10004eec                fix_linking_gaps
 .text.trace    0x1000505c      0x1fc CMakeFiles/fingerprint-sensor-pico.dir/main_pico.c.o
                0x1000505c                trace
 .text.compute_neighborhood_types
                0x10005258      0x174 CMakeFiles/fingerprint-sensor-pico.dir/main_pico.c.o
                0x10005258                compute_neighborhood_types
 .text.is_false_ending
                0x100053cc      0x250 CMakeFiles/fingerprint-sensor-pico.dir/main_pico.c.o
                0x100053cc                is_false_ending
 .text.thin     0x1000561c      0x2cc CMakeFiles/fingerprint-sensor-pico.dir/main_pico.c.o
                0x1000561c                thin
 .text.apply_skeleton_knot_filter
                0x100058e8      0x324 CMakeFiles/fingerprint-sensor-pico.dir/main_pico.c.o
                0x100058e8                apply_skeleton_knot_filter
 .text.apply_skeleton_pore_filter
                0x10005c0c      0x14c CMakeFiles/fingerprint-sensor-pico.dir/main_pico.c.o
                0x10005c0c                apply_skeleton_pore_filter
 .text.skeleton_shadow
                0x10005d58      0x144 CMakeFiles/fingerprint-sensor-pico.dir/main_pico.c.o
                0x10005d58                skeleton_shadow
 *fill*         0x10005e9c        0x4 
 .text.apply_skeleton_gap_filter
                0x10005ea0      0x928 CMakeFiles/fingerprint-sensor-pico.dir/main_pico.c.o
                0x10005ea0                apply_skeleton_gap_filter
 .text.apply_skeleton_tail_filter
                0x100067c8       0xf0 CMakeFiles/fingerprint-sensor-pico.dir/main_pico.c.o
                0x100067c8                apply_skeleton_tail_filter
 .text.apply_skeleton_fragment_filter
                0x100068b8       0xe0 CMakeFiles/fingerprint-sensor-pico.dir/main_pico.c.o
                0x100068b8                apply_skeleton_fragment_filter
 .text.apply_skeleton_filters
                0x10006998      0x600 CMakeFiles/fingerprint-sensor-pico.dir/main_pico.c.o
                0x10006998                apply_skeleton_filters
 .text.ridge_direction
                0x10006f98       0xc8 CMakeFiles/fingerprint-sensor-pico.dir/main_pico.c.o
                0x10006f98                ridge_direction
 .text.collect_minutiae
                0x10007060       0xa8 CMakeFiles/fingerprint-sensor-pico.dir/main_pico.c.o
                0x10007060                collect_minutiae
 .text.inner_minutiae_filter_apply
                0x10007108       0xfc CMakeFiles/fingerprint-sensor-pico.dir/main_pico.c.o
                0x10007108                inner_minutiae_filter_apply
 .text.apply_minutia_cloud_filter
                0x10007204       0xd4 CMakeFiles/fingerprint-sensor-pico.dir/main_pico.c.o
                0x10007204                apply_minutia_cloud_filter
 .text.compute_sort_key
                0x100072d8       0x90 CMakeFiles/fingerprint-sensor-pico.dir/main_pico.c.o
                0x100072d8                compute_sort_key
 .text.apply_top_minutiae_filter
                0x10007368       0xac CMakeFiles/fingerprint-sensor-pico.dir/main_pico.c.o
                0x10007368                apply_top_minutiae_filter
 .text.print_feature_minutia_array
                0x10007414       0x98 CMakeFiles/fingerprint-sensor-pico.dir/main_pico.c.o
                0x10007414                print_feature_minutia_array
 .text.extract  0x100074ac      0xbe0 CMakeFiles/fingerprint-sensor-pico.dir/main_pico.c.o
                0x100074ac                extract
 .text.init_edge_shape_cache
                0x1000808c       0xb0 CMakeFiles/fingerprint-sensor-pico.dir/main_pico.c.o
                0x1000808c                init_edge_shape_cache
 *fill*         0x1000813c        0x4 
 .text.create_edge_shape
                0x10008140      0x2bc CMakeFiles/fingerprint-sensor-pico.dir/main_pico.c.o
                0x10008140                create_edge_shape
 .text.build_table
                0x100083fc      0x254 CMakeFiles/fingerprint-sensor-pico.dir/main_pico.c.o
                0x100083fc                build_table
 .text.SearchTemplate_new
                0x10008650       0xd8 CMakeFiles/fingerprint-sensor-pico.dir/main_pico.c.o
                0x10008650                SearchTemplate_new
 .text.print_search_template
                0x10008728      0x108 CMakeFiles/fingerprint-sensor-pico.dir/main_pico.c.o
                0x10008728                print_search_template
 .text.coverage
                0x10008830      0x1f4 CMakeFiles/fingerprint-sensor-pico.dir/main_pico.c.o
                0x10008830                coverage
 *fill*         0x10008a24        0x4 
 .text.build_edge_map
                0x10008a28      0x810 CMakeFiles/fingerprint-sensor-pico.dir/main_pico.c.o
                0x10008a28                build_edge_map
 .text.print_edge_hash_map
                0x10009238       0x98 CMakeFiles/fingerprint-sensor-pico.dir/main_pico.c.o
                0x10009238                print_edge_hash_map
 .text.RootList_discard
                0x100092d0       0xb0 CMakeFiles/fingerprint-sensor-pico.dir/main_pico.c.o
                0x100092d0                RootList_discard
 .text.RootEnumerator_enumerate
                0x10009380      0x7d0 CMakeFiles/fingerprint-sensor-pico.dir/main_pico.c.o
                0x10009380                RootEnumerator_enumerate
 .text.create_pairing_graph
                0x10009b50       0x50 CMakeFiles/fingerprint-sensor-pico.dir/main_pico.c.o
                0x10009b50                create_pairing_graph
 .text.clear_pairing_graph
                0x10009ba0      0x118 CMakeFiles/fingerprint-sensor-pico.dir/main_pico.c.o
                0x10009ba0                clear_pairing_graph
 .text.shape    0x10009cb8      0x218 CMakeFiles/fingerprint-sensor-pico.dir/main_pico.c.o
                0x10009cb8                shape
 .text.compute_score
                0x10009ed0      0x408 CMakeFiles/fingerprint-sensor-pico.dir/main_pico.c.o
                0x10009ed0                compute_score
 .text.heapify_down
                0x1000a2d8       0x6c CMakeFiles/fingerprint-sensor-pico.dir/main_pico.c.o
                0x1000a2d8                heapify_down
 .text.matcher_thread_current
                0x1000a344       0x84 CMakeFiles/fingerprint-sensor-pico.dir/main_pico.c.o
                0x1000a344                matcher_thread_current
 .text.match_pairs
                0x1000a3c8      0x4a0 CMakeFiles/fingerprint-sensor-pico.dir/main_pico.c.o
                0x1000a3c8                match_pairs
 .text.collect_edges
                0x1000a868      0x1c8 CMakeFiles/fingerprint-sensor-pico.dir/main_pico.c.o
                0x1000a868                collect_edges
 .text.skip_paired
                0x1000aa30      0x12c CMakeFiles/fingerprint-sensor-pico.dir/main_pico.c.o
                0x1000aa30                skip_paired
 .text.edge_spider_crawl
                0x1000ab5c       0xe0 CMakeFiles/fingerprint-sensor-pico.dir/main_pico.c.o
                0x1000ab5c                edge_spider_crawl
 .text.matcher_engine_match
                0x1000ac3c      0x160 CMakeFiles/fingerprint-sensor-pico.dir/main_pico.c.o
                0x1000ac3c                matcher_engine_match
 .text.get_class_name
                0x1000ad9c       0x64 CMakeFiles/fingerprint-sensor-pico.dir/main_pico.c.o
                0x1000ad9c                get_class_name
 .text.startup.main
                0x1000ae00      0x448 CMakeFiles/fingerprint-sensor-pico.dir/main_pico.c.o
                0x1000ae00                main
 .text.gpio_set_function
                0x1000b248       0x3c CMakeFiles/fingerprint-sensor-pico.dir/home/kshitij/SecurSi/pico-sdk/src/rp2_common/hardware_gpio/gpio.c.o
                0x1000b248                gpio_set_function
 .text.gpio_set_pulls
                0x1000b284       0x28 CMakeFiles/fingerprint-sensor-pico.dir/home/kshitij/SecurSi/pico-sdk/src/rp2_common/hardware_gpio/gpio.c.o
                0x1000b284                gpio_set_pulls
 .text.panic    0x1000b2ac       0x30 CMakeFiles/fingerprint-sensor-pico.dir/home/kshitij/SecurSi/pico-sdk/src/rp2_common/pico_platform_panic/panic.c.o
                0x1000b2ac                panic
 .text.hw_claim_or_assert
                0x1000b2dc       0x58 CMakeFiles/fingerprint-sensor-pico.dir/home/kshitij/SecurSi/pico-sdk/src/common/hardware_claim/claim.c.o
                0x1000b2dc                hw_claim_or_assert
 .text.next_striped_spin_lock_num
                0x1000b334       0x18 CMakeFiles/fingerprint-sensor-pico.dir/home/kshitij/SecurSi/pico-sdk/src/rp2_common/hardware_sync/sync.c.o
                0x1000b334                next_striped_spin_lock_num
 .text.spinlock_set_extexclall
                0x1000b34c       0x10 CMakeFiles/fingerprint-sensor-pico.dir/home/kshitij/SecurSi/pico-sdk/src/rp2_common/hardware_sync_spin_lock/sync_spin_lock.c.o
 .text.spin_locks_reset
                0x1000b35c       0x18 CMakeFiles/fingerprint-sensor-pico.dir/home/kshitij/SecurSi/pico-sdk/src/rp2_common/hardware_sync_spin_lock/sync_spin_lock.c.o
                0x1000b35c                spin_locks_reset
 .text.runtime_init_per_core_irq_priorities
                0x1000b374       0x40 CMakeFiles/fingerprint-sensor-pico.dir/home/kshitij/SecurSi/pico-sdk/src/rp2_common/hardware_irq/irq.c.o
                0x1000b374                runtime_init_per_core_irq_priorities
 .text.irq_set_enabled
                0x1000b3b4       0x2c CMakeFiles/fingerprint-sensor-pico.dir/home/kshitij/SecurSi/pico-sdk/src/rp2_common/hardware_irq/irq.c.o
                0x1000b3b4                irq_set_enabled
 .text.irq_set_exclusive_handler
                0x1000b3e0       0x60 CMakeFiles/fingerprint-sensor-pico.dir/home/kshitij/SecurSi/pico-sdk/src/rp2_common/hardware_irq/irq.c.o
                0x1000b3e0                irq_set_exclusive_handler
 .text.irq_remove_handler
                0x1000b440      0x1fc CMakeFiles/fingerprint-sensor-pico.dir/home/kshitij/SecurSi/pico-sdk/src/rp2_common/hardware_irq/irq.c.o
                0x1000b440                irq_remove_handler
 .text.irq_add_tail_to_free_list
                0x1000b63c       0xbc CMakeFiles/fingerprint-sensor-pico.dir/home/kshitij/SecurSi/pico-sdk/src/rp2_common/hardware_irq/irq.c.o
                0x1000b63c                irq_add_tail_to_free_list
 .text.lock_init
                0x1000b6f8        0xc CMakeFiles/fingerprint-sensor-pico.dir/home/kshitij/SecurSi/pico-sdk/src/common/pico_sync/lock_core.c.o
                0x1000b6f8                lock_init
 .text.runtime_init_mutex
                0x1000b704       0x4c CMakeFiles/fingerprint-sensor-pico.dir/home/kshitij/SecurSi/pico-sdk/src/common/pico_sync/mutex.c.o
                0x1000b704                runtime_init_mutex
 .text.sleep_until_callback
                0x1000b750       0x3c CMakeFiles/fingerprint-sensor-pico.dir/home/kshitij/SecurSi/pico-sdk/src/common/pico_time/time.c.o
 *fill*         0x1000b78c        0x4 
 .text.alarm_pool_irq_handler
                0x1000b790      0x2f0 CMakeFiles/fingerprint-sensor-pico.dir/home/kshitij/SecurSi/pico-sdk/src/common/pico_time/time.c.o
 .text.runtime_init_default_alarm_pool
                0x1000ba80      0x100 CMakeFiles/fingerprint-sensor-pico.dir/home/kshitij/SecurSi/pico-sdk/src/common/pico_time/time.c.o
                0x1000ba80                runtime_init_default_alarm_pool
 .text.alarm_pool_add_alarm_at_force_in_context
                0x1000bb80       0xc8 CMakeFiles/fingerprint-sensor-pico.dir/home/kshitij/SecurSi/pico-sdk/src/common/pico_time/time.c.o
                0x1000bb80                alarm_pool_add_alarm_at_force_in_context
 .text.alarm_pool_cancel_alarm
                0x1000bc48       0x80 CMakeFiles/fingerprint-sensor-pico.dir/home/kshitij/SecurSi/pico-sdk/src/common/pico_time/time.c.o
                0x1000bc48                alarm_pool_cancel_alarm
 .text.sleep_until
                0x1000bcc8       0xbc CMakeFiles/fingerprint-sensor-pico.dir/home/kshitij/SecurSi/pico-sdk/src/common/pico_time/time.c.o
                0x1000bcc8                sleep_until
 .text.sleep_ms
                0x1000bd84       0x2c CMakeFiles/fingerprint-sensor-pico.dir/home/kshitij/SecurSi/pico-sdk/src/common/pico_time/time.c.o
                0x1000bd84                sleep_ms
 .text.best_effort_wfe_or_timeout
                0x1000bdb0       0xbc CMakeFiles/fingerprint-sensor-pico.dir/home/kshitij/SecurSi/pico-sdk/src/common/pico_time/time.c.o
                0x1000bdb0                best_effort_wfe_or_timeout
 .text.timer_hardware_alarm_claim
                0x1000be6c       0x24 CMakeFiles/fingerprint-sensor-pico.dir/home/kshitij/SecurSi/pico-sdk/src/rp2_common/hardware_timer/timer.c.o
                0x1000be6c                timer_hardware_alarm_claim
 .text.timer_time_us_64
                0x1000be90       0x10 CMakeFiles/fingerprint-sensor-pico.dir/home/kshitij/SecurSi/pico-sdk/src/rp2_common/hardware_timer/timer.c.o
                0x1000be90                timer_time_us_64
 .text.time_us_64
                0x1000bea0       0x14 CMakeFiles/fingerprint-sensor-pico.dir/home/kshitij/SecurSi/pico-sdk/src/rp2_common/hardware_timer/timer.c.o
                0x1000bea0                time_us_64
 .text.busy_wait_us
                0x1000beb4       0x64 CMakeFiles/fingerprint-sensor-pico.dir/home/kshitij/SecurSi/pico-sdk/src/rp2_common/hardware_timer/timer.c.o
                0x1000beb4                busy_wait_us
 .text.busy_wait_until
                0x1000bf18       0x24 CMakeFiles/fingerprint-sensor-pico.dir/home/kshitij/SecurSi/pico-sdk/src/rp2_common/hardware_timer/timer.c.o
                0x1000bf18                busy_wait_until
 .text.uart_init
                0x1000bf3c      0x104 CMakeFiles/fingerprint-sensor-pico.dir/home/kshitij/SecurSi/pico-sdk/src/rp2_common/hardware_uart/uart.c.o
                0x1000bf3c                uart_init
 .text.uart_set_format
                0x1000c040       0x70 CMakeFiles/fingerprint-sensor-pico.dir/home/kshitij/SecurSi/pico-sdk/src/rp2_common/hardware_uart/uart.c.o
                0x1000c040                uart_set_format
 .text.uart_set_fifo_enabled
                0x1000c0b0       0x58 CMakeFiles/fingerprint-sensor-pico.dir/home/kshitij/SecurSi/pico-sdk/src/rp2_common/hardware_uart/uart.c.o
                0x1000c0b0                uart_set_fifo_enabled
 .text.clock_configure_undivided
                0x1000c108       0xd0 CMakeFiles/fingerprint-sensor-pico.dir/home/kshitij/SecurSi/pico-sdk/src/rp2_common/hardware_clocks/clocks.c.o
                0x1000c108                clock_configure_undivided
 .text.clock_get_hz
                0x1000c1d8        0xc CMakeFiles/fingerprint-sensor-pico.dir/home/kshitij/SecurSi/pico-sdk/src/rp2_common/hardware_clocks/clocks.c.o
                0x1000c1d8                clock_get_hz
 .text.pll_init
                0x1000c1e4       0x8c CMakeFiles/fingerprint-sensor-pico.dir/home/kshitij/SecurSi/pico-sdk/src/rp2_common/hardware_pll/pll.c.o
                0x1000c1e4                pll_init
 .text.tick_start
                0x1000c270       0x18 CMakeFiles/fingerprint-sensor-pico.dir/home/kshitij/SecurSi/pico-sdk/src/rp2_common/hardware_ticks/ticks.c.o
                0x1000c270                tick_start
 .text.rom_func_lookup
                0x1000c288       0x18 CMakeFiles/fingerprint-sensor-pico.dir/home/kshitij/SecurSi/pico-sdk/src/rp2_common/pico_bootrom/bootrom.c.o
                0x1000c288                rom_func_lookup
 .text.runtime_init_bootrom_locking_enable
                0x1000c2a0       0x14 CMakeFiles/fingerprint-sensor-pico.dir/home/kshitij/SecurSi/pico-sdk/src/rp2_common/pico_bootrom/bootrom_lock.c.o
                0x1000c2a0                runtime_init_bootrom_locking_enable
 .text.runtime_init_boot_locks_reset
                0x1000c2b4       0x1c CMakeFiles/fingerprint-sensor-pico.dir/home/kshitij/SecurSi/pico-sdk/src/rp2_common/hardware_boot_lock/boot_lock.c.o
                0x1000c2b4                runtime_init_boot_locks_reset
 .text.xosc_init
                0x1000c2d0       0x30 CMakeFiles/fingerprint-sensor-pico.dir/home/kshitij/SecurSi/pico-sdk/src/rp2_common/hardware_xosc/xosc.c.o
                0x1000c2d0                xosc_init
 .text.first_per_core_initializer
                0x1000c300        0x4 CMakeFiles/fingerprint-sensor-pico.dir/home/kshitij/SecurSi/pico-sdk/src/rp2_common/pico_runtime/runtime.c.o
 .text.hard_assertion_failure
                0x1000c304        0xc CMakeFiles/fingerprint-sensor-pico.dir/home/kshitij/SecurSi/pico-sdk/src/rp2_common/pico_runtime/runtime.c.o
                0x1000c304                hard_assertion_failure
 .text.runtime_run_initializers
                0x1000c310       0x20 CMakeFiles/fingerprint-sensor-pico.dir/home/kshitij/SecurSi/pico-sdk/src/rp2_common/pico_runtime/runtime.c.o
                0x1000c310                runtime_run_initializers
 .text.runtime_init_early_resets
                0x1000c330       0x34 CMakeFiles/fingerprint-sensor-pico.dir/home/kshitij/SecurSi/pico-sdk/src/rp2_common/pico_runtime_init/runtime_init.c.o
                0x1000c330                runtime_init_early_resets
 .text.runtime_init_usb_power_down
                0x1000c364       0x1c CMakeFiles/fingerprint-sensor-pico.dir/home/kshitij/SecurSi/pico-sdk/src/rp2_common/pico_runtime_init/runtime_init.c.o
                0x1000c364                runtime_init_usb_power_down
 .text.runtime_init_per_core_enable_coprocessors
                0x1000c380       0x1c CMakeFiles/fingerprint-sensor-pico.dir/home/kshitij/SecurSi/pico-sdk/src/rp2_common/pico_runtime_init/runtime_init.c.o
                0x1000c380                runtime_init_per_core_enable_coprocessors
 .text.runtime_init_post_clock_resets
                0x1000c39c       0x20 CMakeFiles/fingerprint-sensor-pico.dir/home/kshitij/SecurSi/pico-sdk/src/rp2_common/pico_runtime_init/runtime_init.c.o
                0x1000c39c                runtime_init_post_clock_resets
 .text.runtime_init_bootrom_reset
                0x1000c3bc       0x14 CMakeFiles/fingerprint-sensor-pico.dir/home/kshitij/SecurSi/pico-sdk/src/rp2_common/pico_runtime_init/runtime_init.c.o
                0x1000c3bc                runtime_init_bootrom_reset
 .text.runtime_init_per_core_bootrom_reset
                0x1000c3d0       0x14 CMakeFiles/fingerprint-sensor-pico.dir/home/kshitij/SecurSi/pico-sdk/src/rp2_common/pico_runtime_init/runtime_init.c.o
                0x1000c3d0                runtime_init_per_core_bootrom_reset
 .text.runtime_init_spin_locks_reset
                0x1000c3e4        0x4 CMakeFiles/fingerprint-sensor-pico.dir/home/kshitij/SecurSi/pico-sdk/src/rp2_common/pico_runtime_init/runtime_init.c.o
                0x1000c3e4                runtime_init_spin_locks_reset
 .text.runtime_init_install_ram_vector_table
                0x1000c3e8       0x20 CMakeFiles/fingerprint-sensor-pico.dir/home/kshitij/SecurSi/pico-sdk/src/rp2_common/pico_runtime_init/runtime_init.c.o
                0x1000c3e8                runtime_init_install_ram_vector_table
 .text.runtime_init_clocks
                0x1000c408       0xdc CMakeFiles/fingerprint-sensor-pico.dir/home/kshitij/SecurSi/pico-sdk/src/rp2_common/pico_runtime_init/runtime_init_clocks.c.o
                0x1000c408                runtime_init_clocks
 *fill*         0x1000c4e4        0x4 
 .text.dpow_1   0x1000c4e8      0x264 CMakeFiles/fingerprint-sensor-pico.dir/home/kshitij/SecurSi/pico-sdk/src/rp2_common/pico_double/double_math.c.o
 .text.dpow_int2
                0x1000c74c      0x134 CMakeFiles/fingerprint-sensor-pico.dir/home/kshitij/SecurSi/pico-sdk/src/rp2_common/pico_double/double_math.c.o
 .text.dpow_0   0x1000c880      0x150 CMakeFiles/fingerprint-sensor-pico.dir/home/kshitij/SecurSi/pico-sdk/src/rp2_common/pico_double/double_math.c.o
 .text.__wrap_ldexp
                0x1000c9d0       0x44 CMakeFiles/fingerprint-sensor-pico.dir/home/kshitij/SecurSi/pico-sdk/src/rp2_common/pico_double/double_math.c.o
                0x1000c9d0                __wrap_ldexp
 .text.__wrap_round
                0x1000ca14       0x7c CMakeFiles/fingerprint-sensor-pico.dir/home/kshitij/SecurSi/pico-sdk/src/rp2_common/pico_double/double_math.c.o
                0x1000ca14                __wrap_round
 .text.__wrap_floor
                0x1000ca90       0x7c CMakeFiles/fingerprint-sensor-pico.dir/home/kshitij/SecurSi/pico-sdk/src/rp2_common/pico_double/double_math.c.o
                0x1000ca90                __wrap_floor
 .text.__wrap_ceil
                0x1000cb0c       0x7c CMakeFiles/fingerprint-sensor-pico.dir/home/kshitij/SecurSi/pico-sdk/src/rp2_common/pico_double/double_math.c.o
                0x1000cb0c                __wrap_ceil
 .text.__wrap_exp2
                0x1000cb88       0xbc CMakeFiles/fingerprint-sensor-pico.dir/home/kshitij/SecurSi/pico-sdk/src/rp2_common/pico_double/double_math.c.o
                0x1000cb88                __wrap_exp2
 .text.__wrap_pow
                0x1000cc44      0x2cc CMakeFiles/fingerprint-sensor-pico.dir/home/kshitij/SecurSi/pico-sdk/src/rp2_common/pico_double/double_math.c.o
                0x1000cc44                __wrap_pow
 .text.__rp2350_dcp_engaged_state_save_restore
                0x1000cf10       0x3a CMakeFiles/fingerprint-sensor-pico.dir/home/kshitij/SecurSi/pico-sdk/src/rp2_common/pico_double/double_aeabi_dcp.S.o
 *fill*         0x1000cf4a        0x2 
 .text.__wrap___aeabi_dadd
                0x1000cf4c       0x28 CMakeFiles/fingerprint-sensor-pico.dir/home/kshitij/SecurSi/pico-sdk/src/rp2_common/pico_double/double_aeabi_dcp.S.o
                0x1000cf54                __wrap___aeabi_dadd
 .text.__wrap___aeabi_dsub
                0x1000cf74       0x28 CMakeFiles/fingerprint-sensor-pico.dir/home/kshitij/SecurSi/pico-sdk/src/rp2_common/pico_double/double_aeabi_dcp.S.o
                0x1000cf7c                __wrap___aeabi_dsub
 .text.__wrap___aeabi_dmul
                0x1000cf9c       0x4c CMakeFiles/fingerprint-sensor-pico.dir/home/kshitij/SecurSi/pico-sdk/src/rp2_common/pico_double/double_aeabi_dcp.S.o
                0x1000cfa4                __wrap___aeabi_dmul
 .text.__wrap___aeabi_ddiv
                0x1000cfe8       0x9c CMakeFiles/fingerprint-sensor-pico.dir/home/kshitij/SecurSi/pico-sdk/src/rp2_common/pico_double/double_aeabi_dcp.S.o
                0x1000cff0                __wrap___aeabi_ddiv
 .text.__wrap_sqrt
                0x1000d084       0x98 CMakeFiles/fingerprint-sensor-pico.dir/home/kshitij/SecurSi/pico-sdk/src/rp2_common/pico_double/double_aeabi_dcp.S.o
                0x1000d08c                __wrap_sqrt
 .text.__wrap___aeabi_d2f
                0x1000d11c       0x1c CMakeFiles/fingerprint-sensor-pico.dir/home/kshitij/SecurSi/pico-sdk/src/rp2_common/pico_double/double_aeabi_dcp.S.o
                0x1000d124                double2float
                0x1000d124                __wrap___aeabi_d2f
 .text.__wrap___aeabi_i2d
                0x1000d138       0x24 CMakeFiles/fingerprint-sensor-pico.dir/home/kshitij/SecurSi/pico-sdk/src/rp2_common/pico_double/double_aeabi_dcp.S.o
                0x1000d140                __wrap___aeabi_i2d
                0x1000d140                int2double
 .text.__wrap___aeabi_ui2d
                0x1000d15c       0x24 CMakeFiles/fingerprint-sensor-pico.dir/home/kshitij/SecurSi/pico-sdk/src/rp2_common/pico_double/double_aeabi_dcp.S.o
                0x1000d164                __wrap___aeabi_ui2d
                0x1000d164                uint2double
 .text.__wrap___aeabi_d2iz
                0x1000d180       0x24 CMakeFiles/fingerprint-sensor-pico.dir/home/kshitij/SecurSi/pico-sdk/src/rp2_common/pico_double/double_aeabi_dcp.S.o
                0x1000d188                __wrap___aeabi_d2iz
                0x1000d188                double2int_z
 .text.__wrap___aeabi_d2uiz
                0x1000d1a4       0x24 CMakeFiles/fingerprint-sensor-pico.dir/home/kshitij/SecurSi/pico-sdk/src/rp2_common/pico_double/double_aeabi_dcp.S.o
                0x1000d1ac                double2uint_z
                0x1000d1ac                double2uint
                0x1000d1ac                __wrap___aeabi_d2uiz
 .text.__wrap___aeabi_dcmpun
                0x1000d1c8       0x24 CMakeFiles/fingerprint-sensor-pico.dir/home/kshitij/SecurSi/pico-sdk/src/rp2_common/pico_double/double_aeabi_dcp.S.o
                0x1000d1d0                __wrap___aeabi_dcmpun
 .text.__wrap___aeabi_dcmpeq
                0x1000d1ec       0x24 CMakeFiles/fingerprint-sensor-pico.dir/home/kshitij/SecurSi/pico-sdk/src/rp2_common/pico_double/double_aeabi_dcp.S.o
                0x1000d1f4                __wrap___aeabi_dcmpeq
 .text.__wrap___aeabi_dcmplt
                0x1000d210       0x28 CMakeFiles/fingerprint-sensor-pico.dir/home/kshitij/SecurSi/pico-sdk/src/rp2_common/pico_double/double_aeabi_dcp.S.o
                0x1000d218                __wrap___aeabi_dcmplt
 .text.__wrap___aeabi_dcmple
                0x1000d238       0x28 CMakeFiles/fingerprint-sensor-pico.dir/home/kshitij/SecurSi/pico-sdk/src/rp2_common/pico_double/double_aeabi_dcp.S.o
                0x1000d240                __wrap___aeabi_dcmple
 .text.__wrap___aeabi_dcmpge
                0x1000d260       0x28 CMakeFiles/fingerprint-sensor-pico.dir/home/kshitij/SecurSi/pico-sdk/src/rp2_common/pico_double/double_aeabi_dcp.S.o
                0x1000d268                __wrap___aeabi_dcmpge
 .text.__wrap___aeabi_dcmpgt
                0x1000d288       0x28 CMakeFiles/fingerprint-sensor-pico.dir/home/kshitij/SecurSi/pico-sdk/src/rp2_common/pico_double/double_aeabi_dcp.S.o
                0x1000d290                __wrap___aeabi_dcmpgt
 .text.rtwopi   0x1000d2b0       0xa0 CMakeFiles/fingerprint-sensor-pico.dir/home/kshitij/SecurSi/pico-sdk/src/rp2_common/pico_double/double_sci_m33.S.o
                0x1000d2b4                rtwopi
 .text.drrcore  0x1000d350       0x64 CMakeFiles/fingerprint-sensor-pico.dir/home/kshitij/SecurSi/pico-sdk/src/rp2_common/pico_double/double_sci_m33.S.o
 .text.__wrap_sin_cos
                0x1000d3b4      0x434 CMakeFiles/fingerprint-sensor-pico.dir/home/kshitij/SecurSi/pico-sdk/src/rp2_common/pico_double/double_sci_m33.S.o
                0x1000d548                __wrap_sincos
                0x1000d564                __wrap_sin
                0x1000d56e                __wrap_cos
 .text.dpack    0x1000d7e8       0x58 CMakeFiles/fingerprint-sensor-pico.dir/home/kshitij/SecurSi/pico-sdk/src/rp2_common/pico_double/double_sci_m33.S.o
 .text.dreduce  0x1000d840       0x7a CMakeFiles/fingerprint-sensor-pico.dir/home/kshitij/SecurSi/pico-sdk/src/rp2_common/pico_double/double_sci_m33.S.o
 *fill*         0x1000d8ba        0x2 
 .text.exptab   0x1000d8bc      0x1fc CMakeFiles/fingerprint-sensor-pico.dir/home/kshitij/SecurSi/pico-sdk/src/rp2_common/pico_double/double_sci_m33.S.o
                0x1000d8bc                exptab0
                0x1000d91c                exptab1
                0x1000d9ac                exptab2
                0x1000da2c                logtab0
 .text.__wrap_exp
                0x1000dab8      0x148 CMakeFiles/fingerprint-sensor-pico.dir/home/kshitij/SecurSi/pico-sdk/src/rp2_common/pico_double/double_sci_m33.S.o
                0x1000dae2                __wrap_exp
 .text.__wrap_log
                0x1000dc00      0x358 CMakeFiles/fingerprint-sensor-pico.dir/home/kshitij/SecurSi/pico-sdk/src/rp2_common/pico_double/double_sci_m33.S.o
                0x1000ddde                __wrap_log
 .text.trigtab  0x1000df58      0x200 CMakeFiles/fingerprint-sensor-pico.dir/home/kshitij/SecurSi/pico-sdk/src/rp2_common/pico_double/double_sci_m33.S.o
                0x1000df58                trigtab
 .text.__wrap_atan2
                0x1000e158      0x320 CMakeFiles/fingerprint-sensor-pico.dir/home/kshitij/SecurSi/pico-sdk/src/rp2_common/pico_double/double_sci_m33.S.o
                0x1000e260                __wrap_atan2
 .text.__wrap_conv_tod
                0x1000e478      0x20c CMakeFiles/fingerprint-sensor-pico.dir/home/kshitij/SecurSi/pico-sdk/src/rp2_common/pico_double/double_conv_m33.S.o
                0x1000e478                __wrap___aeabi_l2d
                0x1000e478                int642double
                0x1000e47a                fix642double
                0x1000e51e                uint642double
                0x1000e51e                __wrap___aeabi_ul2d
                0x1000e520                ufix642double
                0x1000e5b4                fix2double
                0x1000e624                ufix2double
 .text.fpow_int2
                0x1000e684       0xdc CMakeFiles/fingerprint-sensor-pico.dir/home/kshitij/SecurSi/pico-sdk/src/rp2_common/pico_float/float_math.c.o
 .text.fpow_0   0x1000e760       0xe8 CMakeFiles/fingerprint-sensor-pico.dir/home/kshitij/SecurSi/pico-sdk/src/rp2_common/pico_float/float_math.c.o
 .text.__wrap_powf
                0x1000e848      0x1ec CMakeFiles/fingerprint-sensor-pico.dir/home/kshitij/SecurSi/pico-sdk/src/rp2_common/pico_float/float_math.c.o
                0x1000e848                __wrap_powf
 .text.__wrap_atan2f
                0x1000ea34      0x2cc CMakeFiles/fingerprint-sensor-pico.dir/home/kshitij/SecurSi/pico-sdk/src/rp2_common/pico_float/float_sci_m33_vfp.S.o
                0x1000ea90                __wrap_atan2f
 .text.__wrap_malloc
                0x1000ed00       0x24 CMakeFiles/fingerprint-sensor-pico.dir/home/kshitij/SecurSi/pico-sdk/src/rp2_common/pico_malloc/malloc.c.o
                0x1000ed00                __wrap_malloc
 .text.__wrap_calloc
                0x1000ed24       0x2c CMakeFiles/fingerprint-sensor-pico.dir/home/kshitij/SecurSi/pico-sdk/src/rp2_common/pico_malloc/malloc.c.o
                0x1000ed24                __wrap_calloc
 .text.__wrap_realloc
                0x1000ed50       0x24 CMakeFiles/fingerprint-sensor-pico.dir/home/kshitij/SecurSi/pico-sdk/src/rp2_common/pico_malloc/malloc.c.o
                0x1000ed50                __wrap_realloc
 .text.__wrap_free
                0x1000ed74        0x4 CMakeFiles/fingerprint-sensor-pico.dir/home/kshitij/SecurSi/pico-sdk/src/rp2_common/pico_malloc/malloc.c.o
                0x1000ed74                __wrap_free
 .text._out_null
                0x1000ed78        0x4 CMakeFiles/fingerprint-sensor-pico.dir/home/kshitij/SecurSi/pico-sdk/src/rp2_common/pico_printf/printf.c.o
 .text._out_rev
                0x1000ed7c       0x9c CMakeFiles/fingerprint-sensor-pico.dir/home/kshitij/SecurSi/pico-sdk/src/rp2_common/pico_printf/printf.c.o
 .text._ntoa_format
                0x1000ee18      0x2a4 CMakeFiles/fingerprint-sensor-pico.dir/home/kshitij/SecurSi/pico-sdk/src/rp2_common/pico_printf/printf.c.o
 .text._out_char
                0x1000f0bc        0x8 CMakeFiles/fingerprint-sensor-pico.dir/home/kshitij/SecurSi/pico-sdk/src/rp2_common/pico_printf/printf.c.o
 .text._out_fct
                0x1000f0c4        0xc CMakeFiles/fingerprint-sensor-pico.dir/home/kshitij/SecurSi/pico-sdk/src/rp2_common/pico_printf/printf.c.o
 .text._etoa    0x1000f0d0      0x460 CMakeFiles/fingerprint-sensor-pico.dir/home/kshitij/SecurSi/pico-sdk/src/rp2_common/pico_printf/printf.c.o
 .text._ftoa    0x1000f530      0x3f4 CMakeFiles/fingerprint-sensor-pico.dir/home/kshitij/SecurSi/pico-sdk/src/rp2_common/pico_printf/printf.c.o
 .text._vsnprintf
                0x1000f924      0x9e8 CMakeFiles/fingerprint-sensor-pico.dir/home/kshitij/SecurSi/pico-sdk/src/rp2_common/pico_printf/printf.c.o
 .text.vfctprintf
                0x1001030c       0x28 CMakeFiles/fingerprint-sensor-pico.dir/home/kshitij/SecurSi/pico-sdk/src/rp2_common/pico_printf/printf.c.o
                0x1001030c                vfctprintf
 .text.weak_raw_printf
                0x10010334       0x48 CMakeFiles/fingerprint-sensor-pico.dir/home/kshitij/SecurSi/pico-sdk/src/rp2_common/pico_printf/printf.c.o
                0x10010334                weak_raw_printf
 .text.weak_raw_vprintf
                0x1001037c       0x30 CMakeFiles/fingerprint-sensor-pico.dir/home/kshitij/SecurSi/pico-sdk/src/rp2_common/pico_printf/printf.c.o
                0x1001037c                weak_raw_vprintf
 .text._exit    0x100103ac        0x4 CMakeFiles/fingerprint-sensor-pico.dir/home/kshitij/SecurSi/pico-sdk/src/rp2_common/pico_clib_interface/newlib_interface.c.o
                0x100103ac                _exit
 .text._sbrk    0x100103b0       0x2c CMakeFiles/fingerprint-sensor-pico.dir/home/kshitij/SecurSi/pico-sdk/src/rp2_common/pico_clib_interface/newlib_interface.c.o
                0x100103b0                _sbrk
 .text._times   0x100103dc       0x20 CMakeFiles/fingerprint-sensor-pico.dir/home/kshitij/SecurSi/pico-sdk/src/rp2_common/pico_clib_interface/newlib_interface.c.o
                0x100103dc                _times
 .text._read    0x100103fc       0x1c CMakeFiles/fingerprint-sensor-pico.dir/home/kshitij/SecurSi/pico-sdk/src/rp2_common/pico_clib_interface/newlib_interface.c.o
                0x100103fc                _read
 .text._write   0x10010418       0x20 CMakeFiles/fingerprint-sensor-pico.dir/home/kshitij/SecurSi/pico-sdk/src/rp2_common/pico_clib_interface/newlib_interface.c.o
                0x10010418                _write
 .text._close   0x10010438        0x8 CMakeFiles/fingerprint-sensor-pico.dir/home/kshitij/SecurSi/pico-sdk/src/rp2_common/pico_clib_interface/newlib_interface.c.o
                0x10010438                _close
 .text._lseek   0x10010440        0x8 CMakeFiles/fingerprint-sensor-pico.dir/home/kshitij/SecurSi/pico-sdk/src/rp2_common/pico_clib_interface/newlib_interface.c.o
                0x10010440                _lseek
 .text._fstat   0x10010448        0x8 CMakeFiles/fingerprint-sensor-pico.dir/home/kshitij/SecurSi/pico-sdk/src/rp2_common/pico_clib_interface/newlib_interface.c.o
                0x10010448                _fstat
 .text._isatty  0x10010450        0xc CMakeFiles/fingerprint-sensor-pico.dir/home/kshitij/SecurSi/pico-sdk/src/rp2_common/pico_clib_interface/newlib_interface.c.o
                0x10010450                _isatty
 .text.exit     0x1001045c        0x8 CMakeFiles/fingerprint-sensor-pico.dir/home/kshitij/SecurSi/pico-sdk/src/rp2_common/pico_clib_interface/newlib_interface.c.o
                0x1001045c                exit
 .text.__assert_func
                0x10010464       0x34 CMakeFiles/fingerprint-sensor-pico.dir/home/kshitij/SecurSi/pico-sdk/src/rp2_common/pico_clib_interface/newlib_interface.c.o
                0x10010464                __assert_func
 .text.runtime_init
                0x10010498       0x24 CMakeFiles/fingerprint-sensor-pico.dir/home/kshitij/SecurSi/pico-sdk/src/rp2_common/pico_clib_interface/newlib_interface.c.o
                0x10010498                runtime_init
 .text.stdio_out_chars_no_crlf
                0x100104bc        0x8 CMakeFiles/fingerprint-sensor-pico.dir/home/kshitij/SecurSi/pico-sdk/src/rp2_common/pico_stdio/stdio.c.o
 .text.stdio_out_chars_crlf
                0x100104c4       0xac CMakeFiles/fingerprint-sensor-pico.dir/home/kshitij/SecurSi/pico-sdk/src/rp2_common/pico_stdio/stdio.c.o
 .text.stdio_buffered_printer
                0x10010570       0x60 CMakeFiles/fingerprint-sensor-pico.dir/home/kshitij/SecurSi/pico-sdk/src/rp2_common/pico_stdio/stdio.c.o
 .text.stdio_put_string
                0x100105d0       0xf0 CMakeFiles/fingerprint-sensor-pico.dir/home/kshitij/SecurSi/pico-sdk/src/rp2_common/pico_stdio/stdio.c.o
                0x100105d0                stdio_put_string
 .text.stdio_get_until
                0x100106c0       0x7c CMakeFiles/fingerprint-sensor-pico.dir/home/kshitij/SecurSi/pico-sdk/src/rp2_common/pico_stdio/stdio.c.o
                0x100106c0                stdio_get_until
 .text.stdio_set_driver_enabled
                0x1001073c       0x30 CMakeFiles/fingerprint-sensor-pico.dir/home/kshitij/SecurSi/pico-sdk/src/rp2_common/pico_stdio/stdio.c.o
                0x1001073c                stdio_set_driver_enabled
 .text.stdio_flush
                0x1001076c       0x24 CMakeFiles/fingerprint-sensor-pico.dir/home/kshitij/SecurSi/pico-sdk/src/rp2_common/pico_stdio/stdio.c.o
                0x1001076c                stdio_flush
 .text.__wrap_putchar
                0x10010790       0x84 CMakeFiles/fingerprint-sensor-pico.dir/home/kshitij/SecurSi/pico-sdk/src/rp2_common/pico_stdio/stdio.c.o
                0x10010790                stdio_putchar
                0x10010790                __wrap_putchar
 .text.__wrap_puts
                0x10010814       0x3c CMakeFiles/fingerprint-sensor-pico.dir/home/kshitij/SecurSi/pico-sdk/src/rp2_common/pico_stdio/stdio.c.o
                0x10010814                __wrap_puts
                0x10010814                stdio_puts
 .text.__wrap_vprintf
                0x10010850       0xc8 CMakeFiles/fingerprint-sensor-pico.dir/home/kshitij/SecurSi/pico-sdk/src/rp2_common/pico_stdio/stdio.c.o
                0x10010850                __wrap_vprintf
                0x10010850                stdio_vprintf
 .text.__wrap_printf
                0x10010918       0x1c CMakeFiles/fingerprint-sensor-pico.dir/home/kshitij/SecurSi/pico-sdk/src/rp2_common/pico_stdio/stdio.c.o
                0x10010918                stdio_printf
                0x10010918                __wrap_printf
 .text.stdio_uart_out_chars
                0x10010934       0x50 CMakeFiles/fingerprint-sensor-pico.dir/home/kshitij/SecurSi/pico-sdk/src/rp2_common/pico_stdio_uart/stdio_uart.c.o
 .text.stdio_uart_in_chars
                0x10010984       0x94 CMakeFiles/fingerprint-sensor-pico.dir/home/kshitij/SecurSi/pico-sdk/src/rp2_common/pico_stdio_uart/stdio_uart.c.o
                0x10010984                stdio_uart_in_chars
 .text.on_uart_rx
                0x10010a18       0x24 CMakeFiles/fingerprint-sensor-pico.dir/home/kshitij/SecurSi/pico-sdk/src/rp2_common/pico_stdio_uart/stdio_uart.c.o
 .text.stdio_uart_out_flush
                0x10010a3c       0x10 CMakeFiles/fingerprint-sensor-pico.dir/home/kshitij/SecurSi/pico-sdk/src/rp2_common/pico_stdio_uart/stdio_uart.c.o
 .text.stdio_uart_set_chars_available_callback
                0x10010a4c       0x88 CMakeFiles/fingerprint-sensor-pico.dir/home/kshitij/SecurSi/pico-sdk/src/rp2_common/pico_stdio_uart/stdio_uart.c.o
 .text.stdio_uart_init_full
                0x10010ad4       0x4c CMakeFiles/fingerprint-sensor-pico.dir/home/kshitij/SecurSi/pico-sdk/src/rp2_common/pico_stdio_uart/stdio_uart.c.o
                0x10010ad4                stdio_uart_init_full
 .text          0x10010b20       0x64 /usr/lib/gcc/arm-none-eabi/13.2.1/../../../arm-none-eabi/lib/thumb/v8-m.main+fp/softfp/libg.a(libc_a-strncpy.o)
                0x10010b20                strncpy
 .text          0x10010b84       0xa4 /usr/lib/gcc/arm-none-eabi/13.2.1/../../../arm-none-eabi/lib/thumb/v8-m.main+fp/softfp/libg.a(libc_a-memset.o)
                0x10010b84                memset
 .text          0x10010c28      0x628 /usr/lib/gcc/arm-none-eabi/13.2.1/../../../arm-none-eabi/lib/thumb/v8-m.main+fp/softfp/libg.a(libc_a-qsort.o)
                0x10010c28                qsort
 .text          0x10011250       0x10 /usr/lib/gcc/arm-none-eabi/13.2.1/../../../arm-none-eabi/lib/thumb/v8-m.main+fp/softfp/libg.a(libc_a-strdup.o)
                0x10011250                strdup
 .text          0x10011260      0x100 /usr/lib/gcc/arm-none-eabi/13.2.1/../../../arm-none-eabi/lib/thumb/v8-m.main+fp/softfp/libg.a(libc_a-memmove.o)
                0x10011260                memmove
 .text          0x10011360       0x10 /usr/lib/gcc/arm-none-eabi/13.2.1/../../../arm-none-eabi/lib/thumb/v8-m.main+fp/softfp/libg.a(libc_a-calloc.o)
                0x10011360                calloc
 .text          0x10011370        0xc /usr/lib/gcc/arm-none-eabi/13.2.1/../../../arm-none-eabi/lib/thumb/v8-m.main+fp/softfp/libg.a(libc_a-errno.o)
                0x10011370                __errno
 .text          0x1001137c       0x10 /usr/lib/gcc/arm-none-eabi/13.2.1/../../../arm-none-eabi/lib/thumb/v8-m.main+fp/softfp/libg.a(libc_a-syssbrk.o)
                0x1001137c                sbrk
 .text          0x1001138c       0x70 /usr/lib/gcc/arm-none-eabi/13.2.1/../../../arm-none-eabi/lib/thumb/v8-m.main+fp/softfp/libg.a(libc_a-callocr.o)
                0x1001138c                _calloc_r
 .text          0x100113fc       0x10 /usr/lib/gcc/arm-none-eabi/13.2.1/../../../arm-none-eabi/lib/thumb/v8-m.main+fp/softfp/libg.a(libc_a-realloc.o)
                0x100113fc                realloc
 .text          0x1001140c       0x28 /usr/lib/gcc/arm-none-eabi/13.2.1/../../../arm-none-eabi/lib/thumb/v8-m.main+fp/softfp/libg.a(libc_a-strdup_r.o)
                0x1001140c                _strdup_r
 .text          0x10011434       0x70 /usr/lib/gcc/arm-none-eabi/13.2.1/../../../arm-none-eabi/lib/thumb/v8-m.main+fp/softfp/libg.a(libc_a-mstats.o)
                0x10011434                mallinfo
                0x10011448                malloc_stats
                0x10011454                mallopt
                0x10011464                _mstats_r
                0x10011480                mstats
 .text          0x100114a4      0x548 /usr/lib/gcc/arm-none-eabi/13.2.1/../../../arm-none-eabi/lib/thumb/v8-m.main+fp/softfp/libg.a(libc_a-mallocr.o)
                0x100114a4                _malloc_r
 .text          0x100119ec      0x2b0 /usr/lib/gcc/arm-none-eabi/13.2.1/../../../arm-none-eabi/lib/thumb/v8-m.main+fp/softfp/libg.a(libc_a-freer.o)
                0x100119ec                _malloc_trim_r
                0x10011aa4                _free_r
 .text          0x10011c9c       0x90 /usr/lib/gcc/arm-none-eabi/13.2.1/../../../arm-none-eabi/lib/thumb/v8-m.main+fp/softfp/libg.a(libc_a-fclose.o)
                0x10011c9c                _fclose_r
                0x10011d1c                fclose
 .text          0x10011d2c       0x2c /usr/lib/gcc/arm-none-eabi/13.2.1/../../../arm-none-eabi/lib/thumb/v8-m.main+fp/softfp/libg.a(libc_a-strrchr.o)
                0x10011d2c                strrchr
 .text          0x10011d58       0x20 /usr/lib/gcc/arm-none-eabi/13.2.1/../../../arm-none-eabi/lib/thumb/v8-m.main+fp/softfp/libg.a(libc_a-malloc.o)
                0x10011d58                malloc
                0x10011d68                free
 .text          0x10011d78       0xec /usr/lib/gcc/arm-none-eabi/13.2.1/../../../arm-none-eabi/lib/thumb/v8-m.main+fp/softfp/libg.a(libc_a-memcpy.o)
                0x10011d78                memcpy
 .text          0x10011e64       0x1c /usr/lib/gcc/arm-none-eabi/13.2.1/../../../arm-none-eabi/lib/thumb/v8-m.main+fp/softfp/libg.a(libc_a-sysconf.o)
                0x10011e64                sysconf
 .text          0x10011e80       0x98 /usr/lib/gcc/arm-none-eabi/13.2.1/../../../arm-none-eabi/lib/thumb/v8-m.main+fp/softfp/libg.a(libc_a-stdio.o)
                0x10011e80                __sread
                0x10011ea4                __seofread
                0x10011ea8                __swrite
                0x10011ee8                __sseek
                0x10011f10                __sclose
 .text          0x10011f18       0x44 /usr/lib/gcc/arm-none-eabi/13.2.1/../../../arm-none-eabi/lib/thumb/v8-m.main+fp/softfp/libg.a(libc_a-fprintf.o)
                0x10011f18                _fprintf_r
                0x10011f34                fprintf
 .text          0x10011f5c      0x370 /usr/lib/gcc/arm-none-eabi/13.2.1/../../../arm-none-eabi/lib/thumb/v8-m.main+fp/softfp/libg.a(libc_a-reallocr.o)
                0x10011f5c                _realloc_r
 .text          0x100122cc       0x2c /usr/lib/gcc/arm-none-eabi/13.2.1/../../../arm-none-eabi/lib/thumb/v8-m.main+fp/softfp/libg.a(libc_a-clock.o)
                0x100122cc                clock
 .text          0x100122f8       0x2c /usr/lib/gcc/arm-none-eabi/13.2.1/../../../arm-none-eabi/lib/thumb/v8-m.main+fp/softfp/libg.a(libc_a-writer.o)
                0x100122f8                _write_r
 .text          0x10012324       0x2c /usr/lib/gcc/arm-none-eabi/13.2.1/../../../arm-none-eabi/lib/thumb/v8-m.main+fp/softfp/libg.a(libc_a-fstatr.o)
                0x10012324                _fstat_r
 .text          0x10012350       0xf8 /usr/lib/gcc/arm-none-eabi/13.2.1/../../../arm-none-eabi/lib/thumb/v8-m.main+fp/softfp/libg.a(libc_a-fwrite.o)
                0x10012350                _fwrite_r
                0x100123c8                fwrite
 .text          0x10012448        0x8 /usr/lib/gcc/arm-none-eabi/13.2.1/../../../arm-none-eabi/lib/thumb/v8-m.main+fp/softfp/libg.a(libc_a-mlock.o)
                0x10012448                __malloc_lock
                0x1001244c                __malloc_unlock
 .text          0x10012450      0x224 /usr/lib/gcc/arm-none-eabi/13.2.1/../../../arm-none-eabi/lib/thumb/v8-m.main+fp/softfp/libg.a(libc_a-findfp.o)
                0x10012580                __sfp
                0x10012624                __sinit
                0x10012644                __sfp_lock_acquire
                0x10012648                __sfp_lock_release
                0x1001264c                __fp_lock_all
                0x10012660                __fp_unlock_all
 .text          0x10012674      0x300 /usr/lib/gcc/arm-none-eabi/13.2.1/../../../arm-none-eabi/lib/thumb/v8-m.main+fp/softfp/libg.a(libc_a-fvwrite.o)
                0x10012674                __sfvwrite_r
 .text          0x10012974        0xc /usr/lib/gcc/arm-none-eabi/13.2.1/../../../arm-none-eabi/lib/thumb/v8-m.main+fp/softfp/libg.a(libc_a-atexit.o)
                0x10012974                atexit
 .text          0x10012980       0x5c /usr/lib/gcc/arm-none-eabi/13.2.1/../../../arm-none-eabi/lib/thumb/v8-m.main+fp/softfp/libg.a(libc_a-strlen-stub.o)
                0x10012980                strlen
 .text          0x100129dc       0x90 /usr/lib/gcc/arm-none-eabi/13.2.1/../../../arm-none-eabi/lib/thumb/v8-m.main+fp/softfp/libg.a(libc_a-mallinfor.o)
                0x100129dc                __malloc_update_mallinfo
                0x10012a34                _mallinfo_r
 .text          0x10012a6c       0x24 /usr/lib/gcc/arm-none-eabi/13.2.1/../../../arm-none-eabi/lib/thumb/v8-m.main+fp/softfp/libg.a(libc_a-sbrkr.o)
                0x10012a6c                _sbrk_r
 .text          0x10012a90       0x24 /usr/lib/gcc/arm-none-eabi/13.2.1/../../../arm-none-eabi/lib/thumb/v8-m.main+fp/softfp/libg.a(libc_a-closer.o)
                0x10012a90                _close_r
 .text          0x10012ab4       0x28 /usr/lib/gcc/arm-none-eabi/13.2.1/../../../arm-none-eabi/lib/thumb/v8-m.main+fp/softfp/libg.a(libc_a-fini.o)
                0x10012ab4                __libc_fini_array
 .text          0x10012adc       0x98 /usr/lib/gcc/arm-none-eabi/13.2.1/../../../arm-none-eabi/lib/thumb/v8-m.main+fp/softfp/libg.a(libc_a-memchr-stub.o)
                0x10012adc                memchr
 .text          0x10012b74       0x44 /usr/lib/gcc/arm-none-eabi/13.2.1/../../../arm-none-eabi/lib/thumb/v8-m.main+fp/softfp/libg.a(libc_a-fwalk.o)
                0x10012b74                _fwalk_sglue
 .text          0x10012bb8       0x14 /usr/lib/gcc/arm-none-eabi/13.2.1/../../../arm-none-eabi/lib/thumb/v8-m.main+fp/softfp/libg.a(libc_a-localeconv.o)
                0x10012bb8                __localeconv_l
                0x10012bbc                _localeconv_r
                0x10012bc4                localeconv
 *fill*         0x10012bcc        0x4 
 .text          0x10012bd0     0x1550 /usr/lib/gcc/arm-none-eabi/13.2.1/../../../arm-none-eabi/lib/thumb/v8-m.main+fp/softfp/libg.a(libc_a-vfprintf.o)
                0x10012bd0                _vfprintf_r
                0x1001409c                vfprintf
 .text          0x10014120      0x13c /usr/lib/gcc/arm-none-eabi/13.2.1/../../../arm-none-eabi/lib/thumb/v8-m.main+fp/softfp/libg.a(libc_a-makebuf.o)
                0x10014120                __smakebuf_r
                0x100141fc                __swhatbuf_r
 .text          0x1001425c       0x5c /usr/lib/gcc/arm-none-eabi/13.2.1/../../../arm-none-eabi/lib/thumb/v8-m.main+fp/softfp/libg.a(libc_a-malloptr.o)
                0x1001425c                _mallopt_r
 .text          0x100142b8       0x54 /usr/lib/gcc/arm-none-eabi/13.2.1/../../../arm-none-eabi/lib/thumb/v8-m.main+fp/softfp/libg.a(libc_a-mallstatsr.o)
                0x100142b8                _malloc_stats_r
 .text          0x1001430c       0xd0 /usr/lib/gcc/arm-none-eabi/13.2.1/../../../arm-none-eabi/lib/thumb/v8-m.main+fp/softfp/libg.a(libc_a-strchr.o)
                0x1001430c                strchr
 .text          0x100143dc       0x40 /usr/lib/gcc/arm-none-eabi/13.2.1/../../../arm-none-eabi/lib/thumb/v8-m.main+fp/softfp/libg.a(libc_a-mbtowc_r.o)
                0x100143dc                _mbtowc_r
                0x100143f0                __ascii_mbtowc
 .text          0x1001441c      0x1ac /usr/lib/gcc/arm-none-eabi/13.2.1/../../../arm-none-eabi/lib/thumb/v8-m.main+fp/softfp/libg.a(libc_a-fflush.o)
                0x1001441c                __sflush_r
                0x10014554                _fflush_r
                0x10014580                fflush
 .text          0x100145c8       0x2c /usr/lib/gcc/arm-none-eabi/13.2.1/../../../arm-none-eabi/lib/thumb/v8-m.main+fp/softfp/libg.a(libc_a-readr.o)
                0x100145c8                _read_r
 .text          0x100145f4       0x44 /usr/lib/gcc/arm-none-eabi/13.2.1/../../../arm-none-eabi/lib/thumb/v8-m.main+fp/softfp/libg.a(libc_a-fiprintf.o)
                0x100145f4                _fiprintf_r
                0x10014610                fiprintf
 .text          0x10014638     0x1018 /usr/lib/gcc/arm-none-eabi/13.2.1/../../../arm-none-eabi/lib/thumb/v8-m.main+fp/softfp/libg.a(libc_a-dtoa.o)
                0x10014770                _dtoa_r
 .text          0x10015650       0xc4 /usr/lib/gcc/arm-none-eabi/13.2.1/../../../arm-none-eabi/lib/thumb/v8-m.main+fp/softfp/libg.a(libc_a-wsetup.o)
                0x10015650                __swsetup_r
 .text          0x10015714        0x8 /usr/lib/gcc/arm-none-eabi/13.2.1/../../../arm-none-eabi/lib/thumb/v8-m.main+fp/softfp/libg.a(libc_a-timesr.o)
                0x10015714                _times_r
 .text          0x1001571c       0x30 /usr/lib/gcc/arm-none-eabi/13.2.1/../../../arm-none-eabi/lib/thumb/v8-m.main+fp/softfp/libg.a(libc_a-wctomb_r.o)
                0x1001571c                _wctomb_r
                0x10015730                __ascii_wctomb
 .text          0x1001574c       0x2c /usr/lib/gcc/arm-none-eabi/13.2.1/../../../arm-none-eabi/lib/thumb/v8-m.main+fp/softfp/libg.a(libc_a-lseekr.o)
                0x1001574c                _lseek_r
 .text          0x10015778       0x64 /usr/lib/gcc/arm-none-eabi/13.2.1/../../../arm-none-eabi/lib/thumb/v8-m.main+fp/softfp/libg.a(libc_a-__atexit.o)
                0x10015778                __register_exitproc
 .text          0x100157dc       0x24 /usr/lib/gcc/arm-none-eabi/13.2.1/../../../arm-none-eabi/lib/thumb/v8-m.main+fp/softfp/libg.a(libc_a-isattyr.o)
                0x100157dc                _isatty_r
 .text          0x10015800       0x20 /usr/lib/gcc/arm-none-eabi/13.2.1/../../../arm-none-eabi/lib/thumb/v8-m.main+fp/softfp/libg.a(libc_a-sprint_r.o)
                0x10015800                __sprint_r
 .text          0x10015820      0xa98 /usr/lib/gcc/arm-none-eabi/13.2.1/../../../arm-none-eabi/lib/thumb/v8-m.main+fp/softfp/libg.a(libc_a-mprec.o)
                0x10015820                _Balloc
                0x1001586c                _Bfree
                0x10015880                __multadd
                0x10015924                __s2b
                0x100159d4                __hi0bits
                0x10015a1c                __lo0bits
                0x10015a7c                __i2b
                0x10015ad8                __multiply
                0x10015c3c                __pow5mult
                0x10015cf0                __lshift
                0x10015dd8                __mcmp
                0x10015e1c                __mdiff
                0x10015f9c                __ulp
                0x10015fe8                __b2d
                0x100160ac                __d2b
                0x1001616c                __ratio
                0x100161c8                _mprec_log10
                0x10016200                __copybits
                0x1001625c                __any_on
 .text          0x100162b8      0xb20 /usr/lib/gcc/arm-none-eabi/13.2.1/../../../arm-none-eabi/lib/thumb/v8-m.main+fp/softfp/libg.a(libc_a-vfiprintf.o)
                0x100162b8                _vfiprintf_r
                0x10016d54                vfiprintf
 .text.startup  0x10016dd8       0x14 /usr/lib/gcc/arm-none-eabi/13.2.1/../../../arm-none-eabi/lib/thumb/v8-m.main+fp/softfp/libg.a(libc_a-__call_atexit.o)
 *(.fini)
 .fini          0x10016dec        0x4 /usr/lib/gcc/arm-none-eabi/13.2.1/thumb/v8-m.main+fp/softfp/crti.o
                0x10016dec                _fini
 .fini.__stub   0x10016df0       0x40 linker stubs
 *crtbegin.o(.ctors)
 *crtbegin?.o(.ctors)
 *(EXCLUDE_FILE(*crtend.o *crtend?.o) .ctors)
 *(SORT_BY_NAME(.ctors.*))
 *(.ctors)
 *crtbegin.o(.dtors)
 *crtbegin?.o(.dtors)
 *(EXCLUDE_FILE(*crtend.o *crtend?.o) .dtors)
 *(SORT_BY_NAME(.dtors.*))
 *(.dtors)
                0x10016e30                        . = ALIGN (0x4)
                0x10016e30                        PROVIDE (__preinit_array_start = .)
 *(SORT_BY_NAME(.preinit_array.*))
 .preinit_array.00050
                0x10016e30        0x4 CMakeFiles/fingerprint-sensor-pico.dir/home/kshitij/SecurSi/pico-sdk/src/rp2_common/pico_runtime_init/runtime_init.c.o
                0x10016e30                __pre_init_runtime_init_bootrom_reset
 .preinit_array.00100
                0x10016e34        0x4 CMakeFiles/fingerprint-sensor-pico.dir/home/kshitij/SecurSi/pico-sdk/src/rp2_common/pico_runtime_init/runtime_init.c.o
                0x10016e34                __pre_init_runtime_init_early_resets
 .preinit_array.00101
                0x10016e38        0x4 CMakeFiles/fingerprint-sensor-pico.dir/home/kshitij/SecurSi/pico-sdk/src/rp2_common/pico_runtime_init/runtime_init.c.o
                0x10016e38                __pre_init_runtime_init_usb_power_down
 .preinit_array.00500
                0x10016e3c        0x4 CMakeFiles/fingerprint-sensor-pico.dir/home/kshitij/SecurSi/pico-sdk/src/rp2_common/pico_runtime_init/runtime_init.c.o
                0x10016e3c                __pre_init_runtime_init_clocks
 .preinit_array.00600
                0x10016e40        0x4 CMakeFiles/fingerprint-sensor-pico.dir/home/kshitij/SecurSi/pico-sdk/src/rp2_common/pico_runtime_init/runtime_init.c.o
                0x10016e40                __pre_init_runtime_init_post_clock_resets
 .preinit_array.01000
                0x10016e44        0x4 CMakeFiles/fingerprint-sensor-pico.dir/home/kshitij/SecurSi/pico-sdk/src/rp2_common/hardware_boot_lock/boot_lock.c.o
                0x10016e44                __pre_init_runtime_init_boot_locks_reset
 .preinit_array.01000
                0x10016e48        0x4 CMakeFiles/fingerprint-sensor-pico.dir/home/kshitij/SecurSi/pico-sdk/src/rp2_common/pico_runtime_init/runtime_init.c.o
                0x10016e48                __pre_init_runtime_init_spin_locks_reset
 .preinit_array.01010
                0x10016e4c        0x4 CMakeFiles/fingerprint-sensor-pico.dir/home/kshitij/SecurSi/pico-sdk/src/rp2_common/pico_bootrom/bootrom_lock.c.o
                0x10016e4c                __pre_init_runtime_init_bootrom_locking_enable
 .preinit_array.01100
                0x10016e50        0x4 CMakeFiles/fingerprint-sensor-pico.dir/home/kshitij/SecurSi/pico-sdk/src/common/pico_sync/mutex.c.o
                0x10016e50                __pre_init_runtime_init_mutex
 .preinit_array.10080
                0x10016e54        0x4 CMakeFiles/fingerprint-sensor-pico.dir/home/kshitij/SecurSi/pico-sdk/src/rp2_common/pico_runtime_init/runtime_init.c.o
                0x10016e54                __pre_init_runtime_init_install_ram_vector_table
 .preinit_array.11000
                0x10016e58        0x4 CMakeFiles/fingerprint-sensor-pico.dir/home/kshitij/SecurSi/pico-sdk/src/common/pico_time/time.c.o
                0x10016e58                __pre_init_runtime_init_default_alarm_pool
 .preinit_array.YYYYY
                0x10016e5c        0x4 CMakeFiles/fingerprint-sensor-pico.dir/home/kshitij/SecurSi/pico-sdk/src/rp2_common/pico_runtime/runtime.c.o
                0x10016e5c                __pre_init_first_per_core_initializer
 .preinit_array.ZZZZZ.00051
                0x10016e60        0x4 CMakeFiles/fingerprint-sensor-pico.dir/home/kshitij/SecurSi/pico-sdk/src/rp2_common/pico_runtime_init/runtime_init.c.o
                0x10016e60                __pre_init_runtime_init_per_core_bootrom_reset
 .preinit_array.ZZZZZ.00200
                0x10016e64        0x4 CMakeFiles/fingerprint-sensor-pico.dir/home/kshitij/SecurSi/pico-sdk/src/rp2_common/pico_runtime_init/runtime_init.c.o
                0x10016e64                __pre_init_runtime_init_per_core_enable_coprocessors
 .preinit_array.ZZZZZ.01000
                0x10016e68        0x4 CMakeFiles/fingerprint-sensor-pico.dir/home/kshitij/SecurSi/pico-sdk/src/rp2_common/hardware_sync_spin_lock/sync_spin_lock.c.o
                0x10016e68                __pre_init_spinlock_set_extexclall
 .preinit_array.ZZZZZ.01200
                0x10016e6c        0x4 CMakeFiles/fingerprint-sensor-pico.dir/home/kshitij/SecurSi/pico-sdk/src/rp2_common/hardware_irq/irq.c.o
                0x10016e6c                __pre_init_runtime_init_per_core_irq_priorities
 *(.preinit_array)
                0x10016e70                        PROVIDE (__preinit_array_end = .)
                0x10016e70                        . = ALIGN (0x4)
                0x10016e70                        PROVIDE (__init_array_start = .)
 *(SORT_BY_NAME(.init_array.*))
 .init_array.00000
                0x10016e70        0x4 /usr/lib/gcc/arm-none-eabi/13.2.1/../../../arm-none-eabi/lib/thumb/v8-m.main+fp/softfp/libg.a(libc_a-__call_atexit.o)
 *(.init_array)
 .init_array    0x10016e74        0x4 /usr/lib/gcc/arm-none-eabi/13.2.1/thumb/v8-m.main+fp/softfp/crtbegin.o
                0x10016e78                        PROVIDE (__init_array_end = .)
                0x10016e78                        . = ALIGN (0x4)
                0x10016e78                        PROVIDE (__fini_array_start = .)
 *(SORT_BY_NAME(.fini_array.*))
 *(.fini_array)
                0x10016e78                        PROVIDE (__fini_array_end = .)
 *(.eh_frame*)
 .eh_frame      0x10016e78        0x0 /usr/lib/gcc/arm-none-eabi/13.2.1/thumb/v8-m.main+fp/softfp/crtbegin.o
                0x10016e78                        . = ALIGN (0x4)

.glue_7         0x10016e78        0x0
 .glue_7        0x10016e78        0x0 linker stubs

.glue_7t        0x10016e78        0x0
 .glue_7t       0x10016e78        0x0 linker stubs

.vfp11_veneer   0x10016e78        0x0
 .vfp11_veneer  0x10016e78        0x0 linker stubs

.v4_bx          0x10016e78        0x0
 .v4_bx         0x10016e78        0x0 linker stubs

.iplt           0x10016e78        0x0
 .iplt          0x10016e78        0x0 /usr/lib/gcc/arm-none-eabi/13.2.1/thumb/v8-m.main+fp/softfp/crtbegin.o

.boot2          0x10016e78        0x0
                0x10016e78                        __boot2_start__ = .
 *(.boot2)
                0x10016e78                        __boot2_end__ = .
                0x00000001                        ASSERT (((__boot2_end__ - __boot2_start__) <= 0x100), ERROR: Pico second stage bootloader must be no more than 256 bytes in size)

.rodata         0x10016e78    0x584d8
 *(EXCLUDE_FILE(*libm.a: *libc.a:*lib_a-mem*.o *libgcc.a:) .rodata*)
 .rodata.decode_png_file_to_argb32_javaish.str1.4
                0x10016e78     0x16a9 CMakeFiles/fingerprint-sensor-pico.dir/main_pico.c.o
                                 0x17 (size before relaxing)
 .rodata.boolean_matrix_merge.part.0.str1.4
                0x10018521       0x2f CMakeFiles/fingerprint-sensor-pico.dir/main_pico.c.o
 .rodata.blockmap_block.part.0.str1.4
                0x10018521       0x1f CMakeFiles/fingerprint-sensor-pico.dir/main_pico.c.o
 .rodata.init_skeleton.part.0.str1.4
                0x10018521       0x23 CMakeFiles/fingerprint-sensor-pico.dir/main_pico.c.o
 .rodata.free_skeleton.part.0.str1.4
                0x10018521       0xc5 CMakeFiles/fingerprint-sensor-pico.dir/main_pico.c.o
 .rodata.TxAndRxCmd_read_values.constprop.0.str1.4
                0x10018521       0x63 CMakeFiles/fingerprint-sensor-pico.dir/main_pico.c.o
 .rodata.print_sram_usage.str1.4
                0x10018521      0x125 CMakeFiles/fingerprint-sensor-pico.dir/main_pico.c.o
 .rodata.setup_uart0.str1.4
                0x10018521        0xe CMakeFiles/fingerprint-sensor-pico.dir/main_pico.c.o
 .rodata.setup_uart1.str1.4
                0x10018521       0x6b CMakeFiles/fingerprint-sensor-pico.dir/main_pico.c.o
 .rodata.TxAndRxCmd.str1.4
                0x10018521       0x15 CMakeFiles/fingerprint-sensor-pico.dir/main_pico.c.o
 .rodata.mapping_table_get.str1.4
                0x10018521       0x31 CMakeFiles/fingerprint-sensor-pico.dir/main_pico.c.o
 .rodata.trace.str1.4
                0x10018521       0x7e CMakeFiles/fingerprint-sensor-pico.dir/main_pico.c.o
 .rodata.apply_skeleton_gap_filter.str1.4
                0x10018521       0x4b CMakeFiles/fingerprint-sensor-pico.dir/main_pico.c.o
 .rodata.apply_skeleton_filters.str1.4
                0x10018521      0x160 CMakeFiles/fingerprint-sensor-pico.dir/main_pico.c.o
 .rodata.Skeletons_create.str1.4
                0x10018521       0x2e CMakeFiles/fingerprint-sensor-pico.dir/main_pico.c.o
 .rodata.minutia_type_to_string.str1.4
                0x10018521       0x1c CMakeFiles/fingerprint-sensor-pico.dir/main_pico.c.o
 .rodata.print_feature_minutia_array.str1.4
                0x10018521       0x6c CMakeFiles/fingerprint-sensor-pico.dir/main_pico.c.o
 .rodata.print_feature_template.str1.4
                0x10018521       0x7c CMakeFiles/fingerprint-sensor-pico.dir/main_pico.c.o
 .rodata.print_total_size_bytes_FeatureTemplate.str1.4
                0x10018521       0x55 CMakeFiles/fingerprint-sensor-pico.dir/main_pico.c.o
 .rodata.extract.str1.4
                0x10018521      0x392 CMakeFiles/fingerprint-sensor-pico.dir/main_pico.c.o
 .rodata.create_edge_shape.str1.4
                0x10018521      0x17d CMakeFiles/fingerprint-sensor-pico.dir/main_pico.c.o
 .rodata.build_table.str1.4
                0x10018521      0x106 CMakeFiles/fingerprint-sensor-pico.dir/main_pico.c.o
 .rodata.SearchTemplate_new.str1.4
                0x10018521       0x3d CMakeFiles/fingerprint-sensor-pico.dir/main_pico.c.o
 .rodata.print_search_template.str1.4
                0x10018521       0xc2 CMakeFiles/fingerprint-sensor-pico.dir/main_pico.c.o
 .rodata.build_edge_map.str1.4
                0x10018521      0x184 CMakeFiles/fingerprint-sensor-pico.dir/main_pico.c.o
 .rodata.RootEnumerator_enumerate.str1.4
                0x10018521       0x32 CMakeFiles/fingerprint-sensor-pico.dir/main_pico.c.o
 .rodata.main.str1.4
                0x10018521      0x17b CMakeFiles/fingerprint-sensor-pico.dir/main_pico.c.o
 *fill*         0x10018521        0x3 
 .rodata.CORNER_NEIGHBORS
                0x10018524       0x40 CMakeFiles/fingerprint-sensor-pico.dir/main_pico.c.o
                0x10018524                CORNER_NEIGHBORS
 .rodata.images
                0x10018564    0x56a54 CMakeFiles/fingerprint-sensor-pico.dir/main_pico.c.o
 .rodata.str1.4
                0x1006efb8      0x2da CMakeFiles/fingerprint-sensor-pico.dir/main_pico.c.o
 .rodata.image_names
                0x1006efb8       0x54 CMakeFiles/fingerprint-sensor-pico.dir/main_pico.c.o
 .rodata        0x1006f00c       0x20 CMakeFiles/fingerprint-sensor-pico.dir/main_pico.c.o
 .rodata.panic.str1.4
                0x1006f02c       0x12 CMakeFiles/fingerprint-sensor-pico.dir/home/kshitij/SecurSi/pico-sdk/src/rp2_common/pico_platform_panic/panic.c.o
 *fill*         0x1006f02c        0x4 
 .rodata.at_the_end_of_time
                0x1006f030        0x8 CMakeFiles/fingerprint-sensor-pico.dir/home/kshitij/SecurSi/pico-sdk/src/common/pico_time/time.c.o
                0x1006f030                at_the_end_of_time
 .rodata.timer_hardware_alarm_claim.str1.4
                0x1006f038       0x22 CMakeFiles/fingerprint-sensor-pico.dir/home/kshitij/SecurSi/pico-sdk/src/rp2_common/hardware_timer/timer.c.o
 .rodata.hard_assertion_failure.str1.4
                0x1006f038        0xc CMakeFiles/fingerprint-sensor-pico.dir/home/kshitij/SecurSi/pico-sdk/src/rp2_common/pico_runtime/runtime.c.o
 .rodata.__wrap_malloc.str1.4
                0x1006f038        0xe CMakeFiles/fingerprint-sensor-pico.dir/home/kshitij/SecurSi/pico-sdk/src/rp2_common/pico_malloc/malloc.c.o
 .rodata.str1.4
                0x1006f038       0x4c CMakeFiles/fingerprint-sensor-pico.dir/home/kshitij/SecurSi/pico-sdk/src/rp2_common/pico_standard_binary_info/standard_binary_info.c.o
 .rodata.__bi_84
                0x1006f038        0xc CMakeFiles/fingerprint-sensor-pico.dir/home/kshitij/SecurSi/pico-sdk/src/rp2_common/pico_standard_binary_info/standard_binary_info.c.o
 .rodata.__bi_78
                0x1006f044        0xc CMakeFiles/fingerprint-sensor-pico.dir/home/kshitij/SecurSi/pico-sdk/src/rp2_common/pico_standard_binary_info/standard_binary_info.c.o
 .rodata.__bi_54
                0x1006f050        0xc CMakeFiles/fingerprint-sensor-pico.dir/home/kshitij/SecurSi/pico-sdk/src/rp2_common/pico_standard_binary_info/standard_binary_info.c.o
 .rodata.__bi_48
                0x1006f05c        0xc CMakeFiles/fingerprint-sensor-pico.dir/home/kshitij/SecurSi/pico-sdk/src/rp2_common/pico_standard_binary_info/standard_binary_info.c.o
 .rodata.__bi_42
                0x1006f068        0xc CMakeFiles/fingerprint-sensor-pico.dir/home/kshitij/SecurSi/pico-sdk/src/rp2_common/pico_standard_binary_info/standard_binary_info.c.o
 .rodata.__bi_34
                0x1006f074        0xc CMakeFiles/fingerprint-sensor-pico.dir/home/kshitij/SecurSi/pico-sdk/src/rp2_common/pico_standard_binary_info/standard_binary_info.c.o
 .rodata.__bi_26
                0x1006f080        0xc CMakeFiles/fingerprint-sensor-pico.dir/home/kshitij/SecurSi/pico-sdk/src/rp2_common/pico_standard_binary_info/standard_binary_info.c.o
 .rodata._ftoa.str1.4
                0x1006f08c       0x15 CMakeFiles/fingerprint-sensor-pico.dir/home/kshitij/SecurSi/pico-sdk/src/rp2_common/pico_printf/printf.c.o
 *fill*         0x1006f08c        0x4 
 .rodata.pow10.0
                0x1006f090       0x50 CMakeFiles/fingerprint-sensor-pico.dir/home/kshitij/SecurSi/pico-sdk/src/rp2_common/pico_printf/printf.c.o
 .rodata.__assert_func.str1.4
                0x1006f0e0       0x43 CMakeFiles/fingerprint-sensor-pico.dir/home/kshitij/SecurSi/pico-sdk/src/rp2_common/pico_clib_interface/newlib_interface.c.o
 .rodata.crlf_str.0
                0x1006f0e0        0x2 CMakeFiles/fingerprint-sensor-pico.dir/home/kshitij/SecurSi/pico-sdk/src/rp2_common/pico_stdio/stdio.c.o
 .rodata.str1.4
                0x1006f0e2       0x21 /usr/lib/gcc/arm-none-eabi/13.2.1/../../../arm-none-eabi/lib/thumb/v8-m.main+fp/softfp/libg.a(libc_a-mstats.o)
 .rodata.str1.4
                0x1006f0e2       0x42 /usr/lib/gcc/arm-none-eabi/13.2.1/../../../arm-none-eabi/lib/thumb/v8-m.main+fp/softfp/libg.a(libc_a-vfprintf.o)
 *fill*         0x1006f0e2        0x2 
 .rodata        0x1006f0e4       0x20 /usr/lib/gcc/arm-none-eabi/13.2.1/../../../arm-none-eabi/lib/thumb/v8-m.main+fp/softfp/libg.a(libc_a-vfprintf.o)
 .rodata.str1.4
                0x1006f104       0x12 /usr/lib/gcc/arm-none-eabi/13.2.1/../../../arm-none-eabi/lib/thumb/v8-m.main+fp/softfp/libg.a(libc_a-locale.o)
 .rodata.str1.4
                0x1006f104       0x51 /usr/lib/gcc/arm-none-eabi/13.2.1/../../../arm-none-eabi/lib/thumb/v8-m.main+fp/softfp/libg.a(libc_a-mallstatsr.o)
 .rodata.str1.4
                0x1006f104       0x54 /usr/lib/gcc/arm-none-eabi/13.2.1/../../../arm-none-eabi/lib/thumb/v8-m.main+fp/softfp/libg.a(libc_a-dtoa.o)
 .rodata        0x1006f104      0x101 /usr/lib/gcc/arm-none-eabi/13.2.1/../../../arm-none-eabi/lib/thumb/v8-m.main+fp/softfp/libg.a(libc_a-ctype_.o)
                0x1006f104                _ctype_
 .rodata.str1.4
                0x1006f205       0x41 /usr/lib/gcc/arm-none-eabi/13.2.1/../../../arm-none-eabi/lib/thumb/v8-m.main+fp/softfp/libg.a(libc_a-mprec.o)
 *fill*         0x1006f205        0x3 
 .rodata        0x1006f208      0x128 /usr/lib/gcc/arm-none-eabi/13.2.1/../../../arm-none-eabi/lib/thumb/v8-m.main+fp/softfp/libg.a(libc_a-mprec.o)
                0x1006f218                __mprec_tens
                0x1006f2e0                __mprec_tinytens
                0x1006f308                __mprec_bigtens
 .rodata.str1.4
                0x1006f330       0x2f /usr/lib/gcc/arm-none-eabi/13.2.1/../../../arm-none-eabi/lib/thumb/v8-m.main+fp/softfp/libg.a(libc_a-vfiprintf.o)
 .rodata        0x1006f330       0x20 /usr/lib/gcc/arm-none-eabi/13.2.1/../../../arm-none-eabi/lib/thumb/v8-m.main+fp/softfp/libg.a(libc_a-vfiprintf.o)
 *(.srodata*)
                0x1006f360                        . = ALIGN (0x4)
 *(SORT_BY_ALIGNMENT(SORT_BY_NAME(.flashdata*)))
                0x1006f360                        . = ALIGN (0x4)

.ARM.extab
 *(.ARM.extab* .gnu.linkonce.armextab.*)
                0x1006f350                        __exidx_start = .

.ARM.exidx      0x1006f350        0x8
 *(.ARM.exidx* .gnu.linkonce.armexidx.*)
 .ARM.exidx     0x1006f350        0x8 /usr/lib/gcc/arm-none-eabi/13.2.1/../../../arm-none-eabi/lib/thumb/v8-m.main+fp/softfp/libg.a(libc_a-memcpy.o)
 .ARM.exidx     0x1006f358        0x0 /usr/lib/gcc/arm-none-eabi/13.2.1/thumb/v8-m.main+fp/softfp/libgcc.a(_udivmoddi4.o)
                                  0x8 (size before relaxing)
                0x1006f358                        __exidx_end = .
                0x1006f358                        . = ALIGN (0x4)
                0x1006f358                        __binary_info_start = .

.binary_info    0x1006f358       0x1c
 *(.binary_info.keep.*)
 .binary_info.keep.__bi_ptr84
                0x1006f358        0x4 CMakeFiles/fingerprint-sensor-pico.dir/home/kshitij/SecurSi/pico-sdk/src/rp2_common/pico_standard_binary_info/standard_binary_info.c.o
 .binary_info.keep.__bi_ptr78
                0x1006f35c        0x4 CMakeFiles/fingerprint-sensor-pico.dir/home/kshitij/SecurSi/pico-sdk/src/rp2_common/pico_standard_binary_info/standard_binary_info.c.o
 .binary_info.keep.__bi_ptr54
                0x1006f360        0x4 CMakeFiles/fingerprint-sensor-pico.dir/home/kshitij/SecurSi/pico-sdk/src/rp2_common/pico_standard_binary_info/standard_binary_info.c.o
 .binary_info.keep.__bi_ptr48
                0x1006f364        0x4 CMakeFiles/fingerprint-sensor-pico.dir/home/kshitij/SecurSi/pico-sdk/src/rp2_common/pico_standard_binary_info/standard_binary_info.c.o
 .binary_info.keep.__bi_ptr42
                0x1006f368        0x4 CMakeFiles/fingerprint-sensor-pico.dir/home/kshitij/SecurSi/pico-sdk/src/rp2_common/pico_standard_binary_info/standard_binary_info.c.o
 .binary_info.keep.__bi_ptr34
                0x1006f36c        0x4 CMakeFiles/fingerprint-sensor-pico.dir/home/kshitij/SecurSi/pico-sdk/src/rp2_common/pico_standard_binary_info/standard_binary_info.c.o
 .binary_info.keep.__bi_ptr26
                0x1006f370        0x4 CMakeFiles/fingerprint-sensor-pico.dir/home/kshitij/SecurSi/pico-sdk/src/rp2_common/pico_standard_binary_info/standard_binary_info.c.o
 *(.binary_info.*)
                0x1006f374                        __binary_info_end = .
                0x1006f374                        . = ALIGN (0x4)

.ram_vector_table
                0x20000000      0x110
 *(.ram_vector_table)
 .ram_vector_table
                0x20000000      0x110 CMakeFiles/fingerprint-sensor-pico.dir/home/kshitij/SecurSi/pico-sdk/src/rp2_common/pico_runtime_init/runtime_init.c.o
                0x20000000                ram_vector_table

.uninitialized_data
                0x20000110        0x0
                0x20000110                        . = ALIGN (0x4)
 *(.uninitialized_data*)

.data           0x20000110     0x1058 load address 0x1006f374
                0x20000110                        __data_start__ = .
 *(vtable)
 *(.time_critical*)
 .time_critical.mutex_enter_block_until
                0x20000110       0x70 CMakeFiles/fingerprint-sensor-pico.dir/home/kshitij/SecurSi/pico-sdk/src/common/pico_sync/mutex.c.o
                0x20000110                mutex_enter_block_until
 .time_critical.mutex_try_enter_block_until
                0x20000180       0x6c CMakeFiles/fingerprint-sensor-pico.dir/home/kshitij/SecurSi/pico-sdk/src/common/pico_sync/mutex.c.o
                0x20000180                mutex_try_enter_block_until
 .time_critical.mutex_exit
                0x200001ec       0x3c CMakeFiles/fingerprint-sensor-pico.dir/home/kshitij/SecurSi/pico-sdk/src/common/pico_sync/mutex.c.o
                0x200001ec                mutex_exit
 *(.text*)
 .text          0x20000228       0x68 /usr/lib/gcc/arm-none-eabi/13.2.1/../../../arm-none-eabi/lib/thumb/v8-m.main+fp/softfp/libm.a(libm_a-sf_lround.o)
                0x20000228                lroundf
 .text          0x20000290       0x38 /usr/lib/gcc/arm-none-eabi/13.2.1/../../../arm-none-eabi/lib/thumb/v8-m.main+fp/softfp/libm.a(libm_a-s_fmin.o)
                0x20000290                fmin
 .text          0x200002c8       0x38 /usr/lib/gcc/arm-none-eabi/13.2.1/../../../arm-none-eabi/lib/thumb/v8-m.main+fp/softfp/libm.a(libm_a-s_fmax.o)
                0x200002c8                fmax
 .text          0x20000300       0x40 /usr/lib/gcc/arm-none-eabi/13.2.1/../../../arm-none-eabi/lib/thumb/v8-m.main+fp/softfp/libm.a(libm_a-s_fpclassify.o)
                0x20000300                __fpclassifyd
 .text          0x20000340      0x378 /usr/lib/gcc/arm-none-eabi/13.2.1/thumb/v8-m.main+fp/softfp/libgcc.a(_arm_addsubdf3.o)
                0x20000340                __aeabi_drsub
                0x20000348                __aeabi_dsub
                0x20000348                __subdf3
                0x2000034c                __adddf3
                0x2000034c                __aeabi_dadd
                0x200005c4                __aeabi_ui2d
                0x200005c4                __floatunsidf
                0x200005e4                __floatsidf
                0x200005e4                __aeabi_i2d
                0x20000608                __extendsfdf2
                0x20000608                __aeabi_f2d
                0x2000064c                __aeabi_ul2d
                0x2000064c                __floatundidf
                0x2000065c                __floatdidf
                0x2000065c                __aeabi_l2d
 .text          0x200006b8       0x30 /usr/lib/gcc/arm-none-eabi/13.2.1/thumb/v8-m.main+fp/softfp/libgcc.a(_aeabi_uldivmod.o)
                0x200006b8                __aeabi_uldivmod
 .text          0x200006e8       0x28 /usr/lib/gcc/arm-none-eabi/13.2.1/thumb/v8-m.main+fp/softfp/libgcc.a(_popcountsi2.o)
                0x200006e8                __popcountsi2
 .text          0x20000710      0x300 /usr/lib/gcc/arm-none-eabi/13.2.1/thumb/v8-m.main+fp/softfp/libgcc.a(_udivmoddi4.o)
                0x20000710                __udivmoddi4
 .text          0x20000a10        0x4 /usr/lib/gcc/arm-none-eabi/13.2.1/thumb/v8-m.main+fp/softfp/libgcc.a(_dvmd_tls.o)
                0x20000a10                __aeabi_ldiv0
                0x20000a10                __aeabi_idiv0
 *fill*         0x20000a14        0x4 
 .text.__stub   0x20000a18       0x18 linker stubs
                0x20000a30                        . = ALIGN (0x4)
 *(.rodata*)
                0x20000a30                        . = ALIGN (0x4)
 *(.data*)
 .data.MAX_ANGLE_ERROR
                0x20000a30        0x4 CMakeFiles/fingerprint-sensor-pico.dir/main_pico.c.o
                0x20000a30                MAX_ANGLE_ERROR
 .data.striped_spin_lock_num
                0x20000a34        0x1 CMakeFiles/fingerprint-sensor-pico.dir/home/kshitij/SecurSi/pico-sdk/src/rp2_common/hardware_sync/sync.c.o
 *fill*         0x20000a35        0x3 
 .data          0x20000a38       0x48 CMakeFiles/fingerprint-sensor-pico.dir/home/kshitij/SecurSi/pico-sdk/src/rp2_common/hardware_irq/irq_handler_chain.S.o
                0x20000a38                irq_handler_chain_slots
                0x20000a68                irq_handler_chain_first_slot
                0x20000a72                irq_handler_chain_remove_tail
 .data.default_alarm_pool
                0x20000a80       0x18 CMakeFiles/fingerprint-sensor-pico.dir/home/kshitij/SecurSi/pico-sdk/src/common/pico_time/time.c.o
 .data.stdio_uart
                0x20000a98       0x18 CMakeFiles/fingerprint-sensor-pico.dir/home/kshitij/SecurSi/pico-sdk/src/rp2_common/pico_stdio_uart/stdio_uart.c.o
                0x20000a98                stdio_uart
 *fill*         0x20000ab0        0x0 
 .data          0x20000ab0      0x128 /usr/lib/gcc/arm-none-eabi/13.2.1/../../../arm-none-eabi/lib/thumb/v8-m.main+fp/softfp/libg.a(libc_a-impure.o)
                0x20000ab0                _impure_ptr
                0x20000ab8                _impure_data
 .data          0x20000bd8      0x410 /usr/lib/gcc/arm-none-eabi/13.2.1/../../../arm-none-eabi/lib/thumb/v8-m.main+fp/softfp/libg.a(libc_a-mallocr.o)
                0x20000bd8                __malloc_av_
                0x20000fe0                __malloc_sbrk_base
                0x20000fe4                __malloc_trim_threshold
 .data          0x20000fe8        0xc /usr/lib/gcc/arm-none-eabi/13.2.1/../../../arm-none-eabi/lib/thumb/v8-m.main+fp/softfp/libg.a(libc_a-findfp.o)
                0x20000fe8                __sglue
 .data          0x20000ff4      0x16c /usr/lib/gcc/arm-none-eabi/13.2.1/../../../arm-none-eabi/lib/thumb/v8-m.main+fp/softfp/libg.a(libc_a-locale.o)
                0x20000ff4                __global_locale
 *(.sdata*)
                0x20001160                        . = ALIGN (0x4)
 *(.after_data.*)
                0x20001160                        . = ALIGN (0x4)
                0x20001160                        PROVIDE (__mutex_array_start = .)
 *(SORT_BY_NAME(.mutex_array.*))
 *(.mutex_array)
 .mutex_array   0x20001160        0x8 CMakeFiles/fingerprint-sensor-pico.dir/home/kshitij/SecurSi/pico-sdk/src/rp2_common/pico_stdio/stdio.c.o
                0x20001168                        PROVIDE (__mutex_array_end = .)
 *(.jcr)
                0x20001168                        . = ALIGN (0x4)

.tm_clone_table
                0x20001168        0x0 load address 0x100703cc
 .tm_clone_table
                0x20001168        0x0 /usr/lib/gcc/arm-none-eabi/13.2.1/thumb/v8-m.main+fp/softfp/crtbegin.o
 .tm_clone_table
                0x20001168        0x0 /usr/lib/gcc/arm-none-eabi/13.2.1/thumb/v8-m.main+fp/softfp/crtend.o

.igot.plt       0x20001168        0x0 load address 0x100703cc
 .igot.plt      0x20001168        0x0 /usr/lib/gcc/arm-none-eabi/13.2.1/thumb/v8-m.main+fp/softfp/crtbegin.o

.tdata          0x20001168        0x0 load address 0x100703cc
                0x20001168                        . = ALIGN (0x4)
 *(.tdata .tdata.* .gnu.linkonce.td.*)
                0x20001168                        __tdata_end = .
                0x20001168                        PROVIDE (__data_end__ = .)
                0x1006f374                        __etext = LOADADDR (.data)

.tbss           0x20001168        0x0 load address 0x100703cc
                0x20001168                        . = ALIGN (0x4)
                0x20001168                        __bss_start__ = .
                0x20001168                        __tls_base = .
 *(.tbss .tbss.* .gnu.linkonce.tb.*)
 *(.tcommon)
                0x20001168                        __tls_end = .

.bss            0x20001168     0x7b74 load address 0x100703cc
                0x20001168                        . = ALIGN (0x4)
                0x20001168                        __tbss_end = .
 *(SORT_BY_ALIGNMENT(SORT_BY_NAME(.bss*)))
 .bss.default_alarm_pool_entries
                0x20001168      0x180 CMakeFiles/fingerprint-sensor-pico.dir/home/kshitij/SecurSi/pico-sdk/src/common/pico_time/time.c.o
 .bss           0x200012e8       0x1c /usr/lib/gcc/arm-none-eabi/13.2.1/thumb/v8-m.main+fp/softfp/crtbegin.o
 .bss           0x20001304       0x34 /usr/lib/gcc/arm-none-eabi/13.2.1/../../../arm-none-eabi/lib/thumb/v8-m.main+fp/softfp/libg.a(libc_a-mallocr.o)